interactions:
- request:
    body: hello world
    headers:
      Accept:
      - '*/*'
      Accept-Encoding:
      - gzip, deflate
      Connection:
      - keep-alive
      Content-Length:
      - '11'
      Content-Type:
      - application/octet-stream
      User-Agent:
      - python/3.6.5 (Darwin-16.7.0-x86_64-i386-64bit) azure-core/0.0.1
      x-ms-blob-type:
      - BlockBlob
      x-ms-client-request-id:
      - a8ea15f8-8ecb-11e9-bbfc-f45c89a7d159
      x-ms-date:
      - Fri, 14 Jun 2019 17:41:37 GMT
      x-ms-version:
      - '2018-03-28'
    method: PUT
    uri: https://remotestoragename.blob.core.windows.net/utcontainer1e3014be/%E5%95%8A%E9%BD%84%E4%B8%82%E7%8B%9B%E7%8B%9C
  response:
    body:
      string: ''
    headers:
      Content-Length:
      - '0'
      Content-MD5:
      - XrY7u+Ae7tCTyyK7j1rNww==
      Date:
      - Fri, 14 Jun 2019 17:41:38 GMT
      ETag:
      - '"0x8D6F0EF8DAF971D"'
      Last-Modified:
      - Fri, 14 Jun 2019 17:41:38 GMT
      Server:
      - Windows-Azure-Blob/1.0 Microsoft-HTTPAPI/2.0
      x-ms-request-id:
      - 99cda8db-d01e-0080-51d8-22c7aa000000
      x-ms-request-server-encrypted:
      - 'true'
      x-ms-version:
      - '2018-03-28'
    status:
      code: 201
      message: Created
- request:
    body: null
    headers:
      Accept:
      - application/xml
      Accept-Encoding:
      - gzip, deflate
      Connection:
      - keep-alive
      User-Agent:
      - python/3.6.5 (Darwin-16.7.0-x86_64-i386-64bit) azure-core/0.0.1
      x-ms-client-request-id:
      - a909f01c-8ecb-11e9-931b-f45c89a7d159
      x-ms-date:
      - Fri, 14 Jun 2019 17:41:37 GMT
      x-ms-range:
      - bytes=0-33554431
      x-ms-version:
      - '2018-03-28'
    method: GET
    uri: https://remotestoragename.blob.core.windows.net/utcontainer1e3014be/%E5%95%8A%E9%BD%84%E4%B8%82%E7%8B%9B%E7%8B%9C
  response:
    body:
      string: hello world
    headers:
      Accept-Ranges:
      - bytes
      Content-Length:
      - '11'
      Content-Range:
      - bytes 0-10/11
      Content-Type:
      - application/octet-stream
      Date:
      - Fri, 14 Jun 2019 17:41:38 GMT
      ETag:
      - '"0x8D6F0EF8DAF971D"'
      Last-Modified:
      - Fri, 14 Jun 2019 17:41:38 GMT
      Server:
      - Windows-Azure-Blob/1.0 Microsoft-HTTPAPI/2.0
      Vary:
      - Origin
      x-ms-blob-content-md5:
      - XrY7u+Ae7tCTyyK7j1rNww==
      x-ms-blob-type:
      - BlockBlob
      x-ms-creation-time:
      - Fri, 14 Jun 2019 17:41:38 GMT
      x-ms-lease-state:
      - available
      x-ms-lease-status:
      - unlocked
      x-ms-request-id:
      - 99cda8e2-d01e-0080-57d8-22c7aa000000
      x-ms-server-encrypted:
      - 'true'
      x-ms-version:
      - '2018-03-28'
    status:
      code: 206
      message: Partial Content
- request:
    body: hello world
    headers:
      Accept:
      - '*/*'
      Accept-Encoding:
      - gzip, deflate
      Connection:
      - keep-alive
      Content-Length:
      - '11'
      Content-Type:
      - application/octet-stream
      User-Agent:
      - python/3.6.5 (Darwin-16.7.0-x86_64-i386-64bit) azure-core/0.0.1
      x-ms-blob-type:
      - BlockBlob
      x-ms-client-request-id:
      - fe82fa76-8ed4-11e9-b434-f45c89a7d159
      x-ms-date:
      - Fri, 14 Jun 2019 18:48:26 GMT
      x-ms-version:
      - '2018-03-28'
    method: PUT
    uri: https://storagename.blob.core.windows.net/utcontainer1e3014be/%E5%95%8A%E9%BD%84%E4%B8%82%E7%8B%9B%E7%8B%9C
  response:
    body:
      string: ''
    headers:
      Content-Length:
      - '0'
      Content-MD5:
      - XrY7u+Ae7tCTyyK7j1rNww==
      Date:
      - Fri, 14 Jun 2019 18:48:25 GMT
      ETag:
      - '"0x8D6F0F8E2D224D5"'
      Last-Modified:
      - Fri, 14 Jun 2019 18:48:26 GMT
      Server:
      - Windows-Azure-Blob/1.0 Microsoft-HTTPAPI/2.0
      x-ms-request-id:
      - 01aa6850-e01e-00a1-7ae1-22aa9b000000
      x-ms-request-server-encrypted:
      - 'true'
      x-ms-version:
      - '2018-03-28'
    status:
      code: 201
      message: Created
- request:
    body: null
    headers:
      Accept:
      - application/xml
      Accept-Encoding:
      - gzip, deflate
      Connection:
      - keep-alive
      User-Agent:
      - python/3.6.5 (Darwin-16.7.0-x86_64-i386-64bit) azure-core/0.0.1
      x-ms-client-request-id:
      - fea3b6a8-8ed4-11e9-bde8-f45c89a7d159
      x-ms-date:
      - Fri, 14 Jun 2019 18:48:26 GMT
      x-ms-range:
      - bytes=0-33554431
      x-ms-version:
      - '2018-03-28'
    method: GET
    uri: https://storagename.blob.core.windows.net/utcontainer1e3014be/%E5%95%8A%E9%BD%84%E4%B8%82%E7%8B%9B%E7%8B%9C
  response:
    body:
      string: hello world
    headers:
      Accept-Ranges:
      - bytes
      Content-Length:
      - '11'
      Content-Range:
      - bytes 0-10/11
      Content-Type:
      - application/octet-stream
      Date:
      - Fri, 14 Jun 2019 18:48:25 GMT
      ETag:
      - '"0x8D6F0F8E2D224D5"'
      Last-Modified:
      - Fri, 14 Jun 2019 18:48:26 GMT
      Server:
      - Windows-Azure-Blob/1.0 Microsoft-HTTPAPI/2.0
      Vary:
      - Origin
      x-ms-blob-content-md5:
      - XrY7u+Ae7tCTyyK7j1rNww==
      x-ms-blob-type:
      - BlockBlob
      x-ms-creation-time:
      - Fri, 14 Jun 2019 18:48:26 GMT
      x-ms-lease-state:
      - available
      x-ms-lease-status:
      - unlocked
      x-ms-request-id:
      - 01aa686d-e01e-00a1-11e1-22aa9b000000
      x-ms-server-encrypted:
      - 'true'
      x-ms-version:
      - '2018-03-28'
    status:
      code: 206
      message: Partial Content
- request:
    body: hello world
    headers:
      Accept:
      - '*/*'
      Accept-Encoding:
      - gzip, deflate
      Connection:
      - keep-alive
      Content-Length:
      - '11'
      Content-Type:
      - application/octet-stream
      If-None-Match:
      - '*'
      User-Agent:
      - azsdk-python-storage-blob/12.0.0b2 Python/3.7.3 (Windows-10-10.0.17763-SP0)
      x-ms-blob-type:
      - BlockBlob
      x-ms-client-request-id:
      - 3f24114c-c532-11e9-8da1-2816a845e8c6
      x-ms-date:
      - Thu, 22 Aug 2019 23:12:00 GMT
      x-ms-version:
      - '2019-02-02'
    method: PUT
    uri: https://blobstoragename.blob.core.windows.net/utcontainer1e3014be/%E5%95%8A%E9%BD%84%E4%B8%82%E7%8B%9B%E7%8B%9C
  response:
    body:
      string: ''
    headers:
      Content-Length:
      - '0'
      Content-MD5:
      - XrY7u+Ae7tCTyyK7j1rNww==
      Date:
      - Thu, 22 Aug 2019 23:12:00 GMT
      ETag:
      - '"0x8D7275623743389"'
      Last-Modified:
      - Thu, 22 Aug 2019 23:12:01 GMT
      Server:
      - Windows-Azure-Blob/1.0 Microsoft-HTTPAPI/2.0
      x-ms-client-request-id:
      - 3f24114c-c532-11e9-8da1-2816a845e8c6
      x-ms-content-crc64:
      - vo7q9sPVKY0=
      x-ms-request-id:
      - 6046b0db-f01e-003d-113f-59d126000000
      x-ms-request-server-encrypted:
      - 'true'
      x-ms-version:
      - '2019-02-02'
    status:
      code: 201
      message: Created
- request:
    body: null
    headers:
      Accept:
      - application/xml
      Accept-Encoding:
      - gzip, deflate
      Connection:
      - keep-alive
      User-Agent:
      - azsdk-python-storage-blob/12.0.0b2 Python/3.7.3 (Windows-10-10.0.17763-SP0)
      content-type:
      - application/xml; charset=utf-8
      x-ms-client-request-id:
      - 3f4debe2-c532-11e9-9201-2816a845e8c6
      x-ms-date:
      - Thu, 22 Aug 2019 23:12:01 GMT
      x-ms-range:
      - bytes=0-33554431
      x-ms-version:
      - '2019-02-02'
    method: GET
    uri: https://blobstoragename.blob.core.windows.net/utcontainer1e3014be/%E5%95%8A%E9%BD%84%E4%B8%82%E7%8B%9B%E7%8B%9C
  response:
    body:
      string: hello world
    headers:
      Accept-Ranges:
      - bytes
      Content-Length:
      - '11'
      Content-Range:
      - bytes 0-10/11
      Content-Type:
      - application/octet-stream
      Date:
      - Thu, 22 Aug 2019 23:12:00 GMT
      ETag:
      - '"0x8D7275623743389"'
      Last-Modified:
      - Thu, 22 Aug 2019 23:12:01 GMT
      Server:
      - Windows-Azure-Blob/1.0 Microsoft-HTTPAPI/2.0
      Vary:
      - Origin
      x-ms-blob-content-md5:
      - XrY7u+Ae7tCTyyK7j1rNww==
      x-ms-blob-type:
      - BlockBlob
      x-ms-client-request-id:
      - 3f4debe2-c532-11e9-9201-2816a845e8c6
      x-ms-creation-time:
      - Thu, 22 Aug 2019 23:12:01 GMT
      x-ms-lease-state:
      - available
      x-ms-lease-status:
      - unlocked
      x-ms-request-id:
      - 6046b0f5-f01e-003d-263f-59d126000000
      x-ms-server-encrypted:
      - 'true'
      x-ms-tag-count:
      - '0'
      x-ms-version:
      - '2019-02-02'
    status:
      code: 206
      message: Partial Content
version: 1
