interactions:
- request:
    body: null
    headers:
      User-Agent:
      - azsdk-python-storage-blob/12.0.0b1 Python/3.7.3 (Windows-10-10.0.18362-SP0)
      content-type:
      - application/xml; charset=utf-8
      x-ms-client-request-id:
      - a745918a-b4d1-11e9-a906-b831b58100e8
      x-ms-date:
      - Fri, 02 Aug 2019 03:00:15 GMT
      x-ms-version:
      - '2018-03-28'
    method: PUT
    uri: https://storagename.blob.core.windows.net/utcontainerf2a9201b?restype=container
  response:
    body:
      string: ''
    headers:
      ? !!python/object/new:multidict._istr.istr
      - Content-Length
      : '0'
      ? !!python/object/new:multidict._istr.istr
      - Date
      : Fri, 02 Aug 2019 03:00:15 GMT
      ? !!python/object/new:multidict._istr.istr
      - Etag
      : '"0x8D716F58B885B67"'
      ? !!python/object/new:multidict._istr.istr
      - Last-Modified
      : Fri, 02 Aug 2019 03:00:15 GMT
      ? !!python/object/new:multidict._istr.istr
      - Server
      : Windows-Azure-Blob/1.0 Microsoft-HTTPAPI/2.0
      x-ms-request-id: 92ecc5d9-301e-006f-27de-48ccd4000000
      x-ms-version: '2018-03-28'
    status:
      code: 201
      message: Created
    url: !!python/object/new:yarl.URL
      state: !!python/tuple
      - !!python/object/new:urllib.parse.SplitResult
        - https
        - amqptest.blob.core.windows.net
        - /utcontainerf2a9201b
        - restype=container
        - ''
- request:
    body: hello world
    headers:
      Content-Length:
      - '11'
      Content-Type:
      - application/octet-stream
      If-None-Match:
      - '*'
      User-Agent:
      - azsdk-python-storage-blob/12.0.0b1 Python/3.7.3 (Windows-10-10.0.18362-SP0)
      x-ms-blob-type:
      - BlockBlob
      x-ms-client-request-id:
      - a75dad1c-b4d1-11e9-8fc6-b831b58100e8
      x-ms-date:
      - Fri, 02 Aug 2019 03:00:16 GMT
      x-ms-version:
      - '2018-03-28'
    method: PUT
    uri: https://storagename.blob.core.windows.net/utcontainerf2a9201b/blob1
  response:
    body:
      string: ''
    headers:
      ? !!python/object/new:multidict._istr.istr
      - Content-Length
      : '0'
      ? !!python/object/new:multidict._istr.istr
      - Content-Md5
      : XrY7u+Ae7tCTyyK7j1rNww==
      ? !!python/object/new:multidict._istr.istr
      - Date
      : Fri, 02 Aug 2019 03:00:15 GMT
      ? !!python/object/new:multidict._istr.istr
      - Etag
      : '"0x8D716F58B91090B"'
      ? !!python/object/new:multidict._istr.istr
      - Last-Modified
      : Fri, 02 Aug 2019 03:00:16 GMT
      ? !!python/object/new:multidict._istr.istr
      - Server
      : Windows-Azure-Blob/1.0 Microsoft-HTTPAPI/2.0
      x-ms-request-id: 92ecc603-301e-006f-4ede-48ccd4000000
      x-ms-request-server-encrypted: 'true'
      x-ms-version: '2018-03-28'
    status:
      code: 201
      message: Created
    url: !!python/object/new:yarl.URL
      state: !!python/tuple
      - !!python/object/new:urllib.parse.SplitResult
        - https
        - amqptest.blob.core.windows.net
        - /utcontainerf2a9201b/blob1
        - ''
        - ''
- request:
    body: null
    headers:
      User-Agent:
      - azsdk-python-storage-blob/12.0.0b1 Python/3.7.3 (Windows-10-10.0.18362-SP0)
      content-type:
      - application/xml; charset=utf-8
      x-ms-client-request-id:
      - a765a242-b4d1-11e9-b1e9-b831b58100e8
      x-ms-date:
      - Fri, 02 Aug 2019 03:00:16 GMT
      x-ms-version:
      - '2018-03-28'
    method: HEAD
    uri: https://storagename.blob.core.windows.net/utcontainerf2a9201b/blob1
  response:
    body:
      string: ''
    headers:
      ? !!python/object/new:multidict._istr.istr
      - Accept-Ranges
      : bytes
      ? !!python/object/new:multidict._istr.istr
      - Content-Length
      : '11'
      ? !!python/object/new:multidict._istr.istr
      - Content-Md5
      : XrY7u+Ae7tCTyyK7j1rNww==
      ? !!python/object/new:multidict._istr.istr
      - Content-Type
      : application/octet-stream
      ? !!python/object/new:multidict._istr.istr
      - Date
      : Fri, 02 Aug 2019 03:00:15 GMT
      ? !!python/object/new:multidict._istr.istr
      - Etag
      : '"0x8D716F58B91090B"'
      ? !!python/object/new:multidict._istr.istr
      - Last-Modified
      : Fri, 02 Aug 2019 03:00:16 GMT
      ? !!python/object/new:multidict._istr.istr
      - Server
      : Windows-Azure-Blob/1.0 Microsoft-HTTPAPI/2.0
      ? !!python/object/new:multidict._istr.istr
      - Vary
      : Origin
      x-ms-access-tier: Hot
      x-ms-access-tier-inferred: 'true'
      x-ms-blob-type: BlockBlob
      x-ms-creation-time: Fri, 02 Aug 2019 03:00:16 GMT
      x-ms-lease-state: available
      x-ms-lease-status: unlocked
      x-ms-request-id: 92ecc62f-301e-006f-74de-48ccd4000000
      x-ms-server-encrypted: 'true'
      x-ms-version: '2018-03-28'
    status:
      code: 200
      message: OK
    url: !!python/object/new:yarl.URL
      state: !!python/tuple
      - !!python/object/new:urllib.parse.SplitResult
        - https
        - amqptest.blob.core.windows.net
        - /utcontainerf2a9201b/blob1
        - ''
        - ''
- request:
    body: null
    headers:
      If-Match:
      - '"0x8D716F58B91090B"'
      User-Agent:
      - azsdk-python-storage-blob/12.0.0b1 Python/3.7.3 (Windows-10-10.0.18362-SP0)
      content-type:
      - application/xml; charset=utf-8
      x-ms-blob-content-disposition:
      - inline
      x-ms-blob-content-language:
      - spanish
      x-ms-client-request-id:
      - a76b6e88-b4d1-11e9-bb49-b831b58100e8
      x-ms-date:
      - Fri, 02 Aug 2019 03:00:16 GMT
      x-ms-version:
      - '2018-03-28'
    method: PUT
    uri: https://storagename.blob.core.windows.net/utcontainerf2a9201b/blob1?comp=properties
  response:
    body:
      string: ''
    headers:
      ? !!python/object/new:multidict._istr.istr
      - Content-Length
      : '0'
      ? !!python/object/new:multidict._istr.istr
      - Date
      : Fri, 02 Aug 2019 03:00:15 GMT
      ? !!python/object/new:multidict._istr.istr
      - Etag
      : '"0x8D716F58BADE4EE"'
      ? !!python/object/new:multidict._istr.istr
      - Last-Modified
      : Fri, 02 Aug 2019 03:00:16 GMT
      ? !!python/object/new:multidict._istr.istr
      - Server
      : Windows-Azure-Blob/1.0 Microsoft-HTTPAPI/2.0
      x-ms-request-id: 24c51bdf-401e-00ca-2ade-48f7cd000000
      x-ms-version: '2018-03-28'
    status:
      code: 200
      message: OK
    url: !!python/object/new:yarl.URL
      state: !!python/tuple
      - !!python/object/new:urllib.parse.SplitResult
        - https
        - amqptest.blob.core.windows.net
        - /utcontainerf2a9201b/blob1
        - comp=properties
        - ''
- request:
    body: null
    headers:
      User-Agent:
      - azsdk-python-storage-blob/12.0.0b1 Python/3.7.3 (Windows-10-10.0.18362-SP0)
      content-type:
      - application/xml; charset=utf-8
      x-ms-client-request-id:
      - a7805602-b4d1-11e9-9fbd-b831b58100e8
      x-ms-date:
      - Fri, 02 Aug 2019 03:00:16 GMT
      x-ms-version:
      - '2018-03-28'
    method: HEAD
    uri: https://storagename.blob.core.windows.net/utcontainerf2a9201b/blob1
  response:
    body:
      string: ''
    headers:
      ? !!python/object/new:multidict._istr.istr
      - Accept-Ranges
      : bytes
      ? !!python/object/new:multidict._istr.istr
      - Content-Disposition
      : inline
      ? !!python/object/new:multidict._istr.istr
      - Content-Language
      : spanish
      ? !!python/object/new:multidict._istr.istr
      - Content-Length
      : '11'
      ? !!python/object/new:multidict._istr.istr
      - Date
      : Fri, 02 Aug 2019 03:00:15 GMT
      ? !!python/object/new:multidict._istr.istr
      - Etag
      : '"0x8D716F58BADE4EE"'
      ? !!python/object/new:multidict._istr.istr
      - Last-Modified
      : Fri, 02 Aug 2019 03:00:16 GMT
      ? !!python/object/new:multidict._istr.istr
      - Server
      : Windows-Azure-Blob/1.0 Microsoft-HTTPAPI/2.0
      ? !!python/object/new:multidict._istr.istr
      - Vary
      : Origin
      x-ms-access-tier: Hot
      x-ms-access-tier-inferred: 'true'
      x-ms-blob-type: BlockBlob
      x-ms-creation-time: Fri, 02 Aug 2019 03:00:16 GMT
      x-ms-lease-state: available
      x-ms-lease-status: unlocked
      x-ms-request-id: 24c51c11-401e-00ca-5bde-48f7cd000000
      x-ms-server-encrypted: 'true'
      x-ms-version: '2018-03-28'
    status:
      code: 200
      message: OK
    url: !!python/object/new:yarl.URL
      state: !!python/tuple
      - !!python/object/new:urllib.parse.SplitResult
        - https
        - amqptest.blob.core.windows.net
        - /utcontainerf2a9201b/blob1
        - ''
        - ''
- request:
    body: null
    headers:
      User-Agent:
      - azsdk-python-storage-blob/12.0.0b2 Python/3.7.3 (Windows-10-10.0.17763-SP0)
      content-type:
      - application/xml; charset=utf-8
      x-ms-client-request-id:
      - 40b8ead0-c531-11e9-8706-2816a845e8c6
      x-ms-date:
      - Thu, 22 Aug 2019 23:04:54 GMT
      x-ms-version:
      - '2019-02-02'
    method: PUT
    uri: https://blobstoragename.blob.core.windows.net/utcontainerf2a9201b?restype=container
  response:
    body:
      string: ''
    headers:
      ? !!python/object/new:multidict._istr.istr
      - Content-Length
      : '0'
      ? !!python/object/new:multidict._istr.istr
      - Date
      : Thu, 22 Aug 2019 23:04:53 GMT
      ? !!python/object/new:multidict._istr.istr
      - Etag
      : '"0x8D7275524F577BA"'
      ? !!python/object/new:multidict._istr.istr
      - Last-Modified
      : Thu, 22 Aug 2019 23:04:54 GMT
      ? !!python/object/new:multidict._istr.istr
      - Server
      : Windows-Azure-Blob/1.0 Microsoft-HTTPAPI/2.0
      x-ms-client-request-id: 40b8ead0-c531-11e9-8706-2816a845e8c6
      x-ms-request-id: 625184ec-e01e-00aa-103e-59b2ef000000
      x-ms-version: '2019-02-02'
    status:
      code: 201
      message: Created
    url: !!python/object/new:yarl.URL
      state: !!python/tuple
      - !!python/object/new:urllib.parse.SplitResult
        - https
        - amqptest.blob.core.windows.net
        - /utcontainerf2a9201b
        - restype=container
        - ''
- request:
    body: hello world
    headers:
      Content-Length:
      - '11'
      Content-Type:
      - application/octet-stream
      If-None-Match:
      - '*'
      User-Agent:
      - azsdk-python-storage-blob/12.0.0b2 Python/3.7.3 (Windows-10-10.0.17763-SP0)
      x-ms-blob-type:
      - BlockBlob
      x-ms-client-request-id:
      - 40d4ec48-c531-11e9-abf9-2816a845e8c6
      x-ms-date:
      - Thu, 22 Aug 2019 23:04:54 GMT
      x-ms-version:
      - '2019-02-02'
    method: PUT
    uri: https://blobstoragename.blob.core.windows.net/utcontainerf2a9201b/blob1
  response:
    body:
      string: ''
    headers:
      ? !!python/object/new:multidict._istr.istr
      - Content-Length
      : '0'
      ? !!python/object/new:multidict._istr.istr
      - Content-Md5
      : XrY7u+Ae7tCTyyK7j1rNww==
      ? !!python/object/new:multidict._istr.istr
      - Date
      : Thu, 22 Aug 2019 23:04:53 GMT
      ? !!python/object/new:multidict._istr.istr
      - Etag
      : '"0x8D727552501DB1A"'
      ? !!python/object/new:multidict._istr.istr
      - Last-Modified
      : Thu, 22 Aug 2019 23:04:54 GMT
      ? !!python/object/new:multidict._istr.istr
      - Server
      : Windows-Azure-Blob/1.0 Microsoft-HTTPAPI/2.0
      x-ms-client-request-id: 40d4ec48-c531-11e9-abf9-2816a845e8c6
      x-ms-content-crc64: vo7q9sPVKY0=
      x-ms-request-id: 625184f4-e01e-00aa-143e-59b2ef000000
      x-ms-request-server-encrypted: 'true'
      x-ms-version: '2019-02-02'
    status:
      code: 201
      message: Created
    url: !!python/object/new:yarl.URL
      state: !!python/tuple
      - !!python/object/new:urllib.parse.SplitResult
        - https
        - amqptest.blob.core.windows.net
        - /utcontainerf2a9201b/blob1
        - ''
        - ''
- request:
    body: null
    headers:
      User-Agent:
      - azsdk-python-storage-blob/12.0.0b2 Python/3.7.3 (Windows-10-10.0.17763-SP0)
      content-type:
      - application/xml; charset=utf-8
      x-ms-client-request-id:
      - 40dd720a-c531-11e9-a5fb-2816a845e8c6
      x-ms-date:
      - Thu, 22 Aug 2019 23:04:54 GMT
      x-ms-version:
      - '2019-02-02'
    method: HEAD
    uri: https://blobstoragename.blob.core.windows.net/utcontainerf2a9201b/blob1
  response:
    body:
      string: ''
    headers:
      ? !!python/object/new:multidict._istr.istr
      - Accept-Ranges
      : bytes
      ? !!python/object/new:multidict._istr.istr
      - Content-Length
      : '11'
      ? !!python/object/new:multidict._istr.istr
      - Content-Md5
      : XrY7u+Ae7tCTyyK7j1rNww==
      ? !!python/object/new:multidict._istr.istr
      - Content-Type
      : application/octet-stream
      ? !!python/object/new:multidict._istr.istr
      - Date
      : Thu, 22 Aug 2019 23:04:53 GMT
      ? !!python/object/new:multidict._istr.istr
      - Etag
      : '"0x8D727552501DB1A"'
      ? !!python/object/new:multidict._istr.istr
      - Last-Modified
      : Thu, 22 Aug 2019 23:04:54 GMT
      ? !!python/object/new:multidict._istr.istr
      - Server
      : Windows-Azure-Blob/1.0 Microsoft-HTTPAPI/2.0
      ? !!python/object/new:multidict._istr.istr
      - Vary
      : Origin
      x-ms-access-tier: Hot
      x-ms-access-tier-inferred: 'true'
      x-ms-blob-type: BlockBlob
      x-ms-client-request-id: 40dd720a-c531-11e9-a5fb-2816a845e8c6
      x-ms-creation-time: Thu, 22 Aug 2019 23:04:54 GMT
      x-ms-lease-state: available
      x-ms-lease-status: unlocked
      x-ms-request-id: 625184fb-e01e-00aa-1b3e-59b2ef000000
      x-ms-server-encrypted: 'true'
      x-ms-tag-count: '0'
      x-ms-version: '2019-02-02'
    status:
      code: 200
      message: OK
    url: !!python/object/new:yarl.URL
      state: !!python/tuple
      - !!python/object/new:urllib.parse.SplitResult
        - https
        - amqptest.blob.core.windows.net
        - /utcontainerf2a9201b/blob1
        - ''
        - ''
- request:
    body: null
    headers:
      If-Match:
      - '"0x8D727552501DB1A"'
      User-Agent:
      - azsdk-python-storage-blob/12.0.0b2 Python/3.7.3 (Windows-10-10.0.17763-SP0)
      content-type:
      - application/xml; charset=utf-8
      x-ms-blob-content-disposition:
      - inline
      x-ms-blob-content-language:
      - spanish
      x-ms-client-request-id:
      - 40e38740-c531-11e9-b4a5-2816a845e8c6
      x-ms-date:
      - Thu, 22 Aug 2019 23:04:54 GMT
      x-ms-version:
      - '2019-02-02'
    method: PUT
    uri: https://blobstoragename.blob.core.windows.net/utcontainerf2a9201b/blob1?comp=properties
  response:
    body:
      string: ''
    headers:
      ? !!python/object/new:multidict._istr.istr
      - Content-Length
      : '0'
      ? !!python/object/new:multidict._istr.istr
      - Date
      : Thu, 22 Aug 2019 23:04:54 GMT
      ? !!python/object/new:multidict._istr.istr
      - Etag
      : '"0x8D7275525203E15"'
      ? !!python/object/new:multidict._istr.istr
      - Last-Modified
      : Thu, 22 Aug 2019 23:04:54 GMT
      ? !!python/object/new:multidict._istr.istr
      - Server
      : Windows-Azure-Blob/1.0 Microsoft-HTTPAPI/2.0
      x-ms-client-request-id: 40e38740-c531-11e9-b4a5-2816a845e8c6
      x-ms-request-id: bd64e9f7-401e-0085-453e-5933d5000000
      x-ms-version: '2019-02-02'
    status:
      code: 200
      message: OK
    url: !!python/object/new:yarl.URL
      state: !!python/tuple
      - !!python/object/new:urllib.parse.SplitResult
        - https
        - amqptest.blob.core.windows.net
        - /utcontainerf2a9201b/blob1
        - comp=properties
        - ''
- request:
    body: null
    headers:
      User-Agent:
      - azsdk-python-storage-blob/12.0.0b2 Python/3.7.3 (Windows-10-10.0.17763-SP0)
      content-type:
      - application/xml; charset=utf-8
      x-ms-client-request-id:
      - 40f92458-c531-11e9-a135-2816a845e8c6
      x-ms-date:
      - Thu, 22 Aug 2019 23:04:54 GMT
      x-ms-version:
      - '2019-02-02'
    method: HEAD
    uri: https://blobstoragename.blob.core.windows.net/utcontainerf2a9201b/blob1
  response:
    body:
      string: ''
    headers:
      ? !!python/object/new:multidict._istr.istr
      - Accept-Ranges
      : bytes
      ? !!python/object/new:multidict._istr.istr
      - Content-Disposition
      : inline
      ? !!python/object/new:multidict._istr.istr
      - Content-Language
      : spanish
      ? !!python/object/new:multidict._istr.istr
      - Content-Length
      : '11'
      ? !!python/object/new:multidict._istr.istr
      - Date
      : Thu, 22 Aug 2019 23:04:54 GMT
      ? !!python/object/new:multidict._istr.istr
      - Etag
      : '"0x8D7275525203E15"'
      ? !!python/object/new:multidict._istr.istr
      - Last-Modified
      : Thu, 22 Aug 2019 23:04:54 GMT
      ? !!python/object/new:multidict._istr.istr
      - Server
      : Windows-Azure-Blob/1.0 Microsoft-HTTPAPI/2.0
      ? !!python/object/new:multidict._istr.istr
      - Vary
      : Origin
      x-ms-access-tier: Hot
      x-ms-access-tier-inferred: 'true'
      x-ms-blob-type: BlockBlob
      x-ms-client-request-id: 40f92458-c531-11e9-a135-2816a845e8c6
      x-ms-creation-time: Thu, 22 Aug 2019 23:04:54 GMT
      x-ms-lease-state: available
      x-ms-lease-status: unlocked
      x-ms-request-id: bd64ea0a-401e-0085-553e-5933d5000000
      x-ms-server-encrypted: 'true'
      x-ms-tag-count: '0'
      x-ms-version: '2019-02-02'
    status:
      code: 200
      message: OK
    url: !!python/object/new:yarl.URL
      state: !!python/tuple
      - !!python/object/new:urllib.parse.SplitResult
        - https
        - amqptest.blob.core.windows.net
        - /utcontainerf2a9201b/blob1
        - ''
        - ''
version: 1
