interactions:
- request:
    body: null
    headers:
      User-Agent:
      - azsdk-python-storage-blob/12.0.0b1 Python/3.7.3 (Windows-10-10.0.18362-SP0)
      content-type:
      - application/xml; charset=utf-8
      x-ms-client-request-id:
      - 4ddd8a7a-b4d1-11e9-9f00-b831b58100e8
      x-ms-date:
      - Fri, 02 Aug 2019 02:57:45 GMT
      x-ms-version:
      - '2018-03-28'
    method: PUT
    uri: https://storagename.blob.core.windows.net/utcontainercba71f98?restype=container
  response:
    body:
      string: ''
    headers:
      ? !!python/object/new:multidict._istr.istr
      - Content-Length
      : '0'
      ? !!python/object/new:multidict._istr.istr
      - Date
      : Fri, 02 Aug 2019 02:57:45 GMT
      ? !!python/object/new:multidict._istr.istr
      - Etag
      : '"0x8D716F5322230D4"'
      ? !!python/object/new:multidict._istr.istr
      - Last-Modified
      : Fri, 02 Aug 2019 02:57:46 GMT
      ? !!python/object/new:multidict._istr.istr
      - Server
      : Windows-Azure-Blob/1.0 Microsoft-HTTPAPI/2.0
      x-ms-request-id: b2fce463-601e-0099-7cde-48ebc2000000
      x-ms-version: '2018-03-28'
    status:
      code: 201
      message: Created
    url: !!python/object/new:yarl.URL
      state: !!python/tuple
      - !!python/object/new:urllib.parse.SplitResult
        - https
        - amqptest.blob.core.windows.net
        - /utcontainercba71f98
        - restype=container
        - ''
- request:
    body: null
    headers:
      Content-Length:
      - '0'
      User-Agent:
      - azsdk-python-storage-blob/12.0.0b1 Python/3.7.3 (Windows-10-10.0.18362-SP0)
      content-type:
      - application/xml; charset=utf-8
      x-ms-blob-type:
      - AppendBlob
      x-ms-client-request-id:
      - 4df7a242-b4d1-11e9-8293-b831b58100e8
      x-ms-date:
      - Fri, 02 Aug 2019 02:57:46 GMT
      x-ms-version:
      - '2018-03-28'
    method: PUT
    uri: https://storagename.blob.core.windows.net/utcontainercba71f98/blobcba71f98
  response:
    body:
      string: ''
    headers:
      ? !!python/object/new:multidict._istr.istr
      - Content-Length
      : '0'
      ? !!python/object/new:multidict._istr.istr
      - Date
      : Fri, 02 Aug 2019 02:57:45 GMT
      ? !!python/object/new:multidict._istr.istr
      - Etag
      : '"0x8D716F5322AD61D"'
      ? !!python/object/new:multidict._istr.istr
      - Last-Modified
      : Fri, 02 Aug 2019 02:57:46 GMT
      ? !!python/object/new:multidict._istr.istr
      - Server
      : Windows-Azure-Blob/1.0 Microsoft-HTTPAPI/2.0
      x-ms-request-id: b2fce48f-601e-0099-24de-48ebc2000000
      x-ms-request-server-encrypted: 'true'
      x-ms-version: '2018-03-28'
    status:
      code: 201
      message: Created
    url: !!python/object/new:yarl.URL
      state: !!python/tuple
      - !!python/object/new:urllib.parse.SplitResult
        - https
        - amqptest.blob.core.windows.net
        - /utcontainercba71f98/blobcba71f98
        - ''
        - ''
- request:
    body: defgh
    headers:
      Content-Length:
      - '5'
      Content-Type:
      - application/octet-stream
      User-Agent:
      - azsdk-python-storage-blob/12.0.0b1 Python/3.7.3 (Windows-10-10.0.18362-SP0)
      x-ms-client-request-id:
      - 4dfdbcb6-b4d1-11e9-8831-b831b58100e8
      x-ms-date:
      - Fri, 02 Aug 2019 02:57:46 GMT
      x-ms-version:
      - '2018-03-28'
    method: PUT
    uri: https://storagename.blob.core.windows.net/utcontainercba71f98/blobcba71f98?comp=appendblock
  response:
    body:
      string: ''
    headers:
      ? !!python/object/new:multidict._istr.istr
      - Content-Length
      : '0'
      ? !!python/object/new:multidict._istr.istr
      - Content-Md5
      : hl9cx/vXhUkC6unYIR8Xig==
      ? !!python/object/new:multidict._istr.istr
      - Date
      : Fri, 02 Aug 2019 02:57:45 GMT
      ? !!python/object/new:multidict._istr.istr
      - Etag
      : '"0x8D716F53230F1B6"'
      ? !!python/object/new:multidict._istr.istr
      - Last-Modified
      : Fri, 02 Aug 2019 02:57:46 GMT
      ? !!python/object/new:multidict._istr.istr
      - Server
      : Windows-Azure-Blob/1.0 Microsoft-HTTPAPI/2.0
      x-ms-blob-append-offset: '0'
      x-ms-blob-committed-block-count: '1'
      x-ms-request-id: b2fce4b4-601e-0099-46de-48ebc2000000
      x-ms-request-server-encrypted: 'true'
      x-ms-version: '2018-03-28'
    status:
      code: 201
      message: Created
    url: !!python/object/new:yarl.URL
      state: !!python/tuple
      - !!python/object/new:urllib.parse.SplitResult
        - https
        - amqptest.blob.core.windows.net
        - /utcontainercba71f98/blobcba71f98
        - comp=appendblock
        - ''
- request:
    body: null
    headers:
      Accept:
      - application/xml
      User-Agent:
      - azsdk-python-storage-blob/12.0.0b1 Python/3.7.3 (Windows-10-10.0.18362-SP0)
      content-type:
      - application/xml; charset=utf-8
      x-ms-client-request-id:
      - 4e03b03a-b4d1-11e9-9066-b831b58100e8
      x-ms-date:
      - Fri, 02 Aug 2019 02:57:46 GMT
      x-ms-range:
      - bytes=0-33554431
      x-ms-version:
      - '2018-03-28'
    method: GET
    uri: https://storagename.blob.core.windows.net/utcontainercba71f98/blobcba71f98
  response:
    body:
      string: defgh
    headers:
      ? !!python/object/new:multidict._istr.istr
      - Accept-Ranges
      : bytes
      ? !!python/object/new:multidict._istr.istr
      - Content-Length
      : '5'
      ? !!python/object/new:multidict._istr.istr
      - Content-Range
      : bytes 0-4/5
      ? !!python/object/new:multidict._istr.istr
      - Content-Type
      : application/xml; charset=utf-8
      ? !!python/object/new:multidict._istr.istr
      - Date
      : Fri, 02 Aug 2019 02:57:45 GMT
      ? !!python/object/new:multidict._istr.istr
      - Etag
      : '"0x8D716F53230F1B6"'
      ? !!python/object/new:multidict._istr.istr
      - Last-Modified
      : Fri, 02 Aug 2019 02:57:46 GMT
      ? !!python/object/new:multidict._istr.istr
      - Server
      : Windows-Azure-Blob/1.0 Microsoft-HTTPAPI/2.0
      ? !!python/object/new:multidict._istr.istr
      - Vary
      : Origin
      x-ms-blob-committed-block-count: '1'
      x-ms-blob-type: AppendBlob
      x-ms-creation-time: Fri, 02 Aug 2019 02:57:46 GMT
      x-ms-lease-state: available
      x-ms-lease-status: unlocked
      x-ms-request-id: b2fce4da-601e-0099-66de-48ebc2000000
      x-ms-server-encrypted: 'true'
      x-ms-version: '2018-03-28'
    status:
      code: 206
      message: Partial Content
    url: !!python/object/new:yarl.URL
      state: !!python/tuple
      - !!python/object/new:urllib.parse.SplitResult
        - https
        - amqptest.blob.core.windows.net
        - /utcontainercba71f98/blobcba71f98
        - ''
        - ''
- request:
    body: null
    headers:
      User-Agent:
      - azsdk-python-storage-blob/12.0.0b2 Python/3.7.3 (Windows-10-10.0.17763-SP0)
      content-type:
      - application/xml; charset=utf-8
      x-ms-client-request-id:
      - c6bb0e46-c530-11e9-86f3-2816a845e8c6
      x-ms-date:
      - Thu, 22 Aug 2019 23:01:29 GMT
      x-ms-version:
      - '2019-02-02'
    method: PUT
    uri: https://blobstoragename.blob.core.windows.net/utcontainercba71f98?restype=container
  response:
    body:
      string: ''
    headers:
      ? !!python/object/new:multidict._istr.istr
      - Content-Length
      : '0'
      ? !!python/object/new:multidict._istr.istr
      - Date
      : Thu, 22 Aug 2019 23:01:28 GMT
      ? !!python/object/new:multidict._istr.istr
      - Etag
      : '"0x8D72754AAFA0FA7"'
      ? !!python/object/new:multidict._istr.istr
      - Last-Modified
      : Thu, 22 Aug 2019 23:01:29 GMT
      ? !!python/object/new:multidict._istr.istr
      - Server
      : Windows-Azure-Blob/1.0 Microsoft-HTTPAPI/2.0
      x-ms-client-request-id: c6bb0e46-c530-11e9-86f3-2816a845e8c6
      x-ms-request-id: c92a1c8d-c01e-00bd-7d3d-59728c000000
      x-ms-version: '2019-02-02'
    status:
      code: 201
      message: Created
    url: !!python/object/new:yarl.URL
      state: !!python/tuple
      - !!python/object/new:urllib.parse.SplitResult
        - https
        - amqptest.blob.core.windows.net
        - /utcontainercba71f98
        - restype=container
        - ''
- request:
    body: null
    headers:
      Content-Length:
      - '0'
      User-Agent:
      - azsdk-python-storage-blob/12.0.0b2 Python/3.7.3 (Windows-10-10.0.17763-SP0)
      content-type:
      - application/xml; charset=utf-8
      x-ms-blob-type:
      - AppendBlob
      x-ms-client-request-id:
      - c6d58906-c530-11e9-89aa-2816a845e8c6
      x-ms-date:
      - Thu, 22 Aug 2019 23:01:29 GMT
      x-ms-version:
      - '2019-02-02'
    method: PUT
    uri: https://blobstoragename.blob.core.windows.net/utcontainercba71f98/blobcba71f98
  response:
    body:
      string: ''
    headers:
      ? !!python/object/new:multidict._istr.istr
      - Content-Length
      : '0'
      ? !!python/object/new:multidict._istr.istr
      - Date
      : Thu, 22 Aug 2019 23:01:28 GMT
      ? !!python/object/new:multidict._istr.istr
      - Etag
      : '"0x8D72754AB02CADE"'
      ? !!python/object/new:multidict._istr.istr
      - Last-Modified
      : Thu, 22 Aug 2019 23:01:29 GMT
      ? !!python/object/new:multidict._istr.istr
      - Server
      : Windows-Azure-Blob/1.0 Microsoft-HTTPAPI/2.0
      x-ms-client-request-id: c6d58906-c530-11e9-89aa-2816a845e8c6
      x-ms-request-id: c92a1cbb-c01e-00bd-273d-59728c000000
      x-ms-request-server-encrypted: 'true'
      x-ms-version: '2019-02-02'
    status:
      code: 201
      message: Created
    url: !!python/object/new:yarl.URL
      state: !!python/tuple
      - !!python/object/new:urllib.parse.SplitResult
        - https
        - amqptest.blob.core.windows.net
        - /utcontainercba71f98/blobcba71f98
        - ''
        - ''
- request:
    body: defgh
    headers:
      Content-Length:
      - '5'
      Content-Type:
      - application/octet-stream
      User-Agent:
      - azsdk-python-storage-blob/12.0.0b2 Python/3.7.3 (Windows-10-10.0.17763-SP0)
      x-ms-client-request-id:
      - c6dbc786-c530-11e9-9458-2816a845e8c6
      x-ms-date:
      - Thu, 22 Aug 2019 23:01:29 GMT
      x-ms-version:
      - '2019-02-02'
    method: PUT
    uri: https://blobstoragename.blob.core.windows.net/utcontainercba71f98/blobcba71f98?comp=appendblock
  response:
    body:
      string: ''
    headers:
      ? !!python/object/new:multidict._istr.istr
      - Content-Length
      : '0'
      ? !!python/object/new:multidict._istr.istr
      - Date
      : Thu, 22 Aug 2019 23:01:29 GMT
      ? !!python/object/new:multidict._istr.istr
      - Etag
      : '"0x8D72754AB08E678"'
      ? !!python/object/new:multidict._istr.istr
      - Last-Modified
      : Thu, 22 Aug 2019 23:01:29 GMT
      ? !!python/object/new:multidict._istr.istr
      - Server
      : Windows-Azure-Blob/1.0 Microsoft-HTTPAPI/2.0
      x-ms-blob-append-offset: '0'
      x-ms-blob-committed-block-count: '1'
      x-ms-client-request-id: c6dbc786-c530-11e9-9458-2816a845e8c6
      x-ms-content-crc64: cvsIrjeZiMA=
      x-ms-request-id: c92a1cdf-c01e-00bd-483d-59728c000000
      x-ms-request-server-encrypted: 'true'
      x-ms-version: '2019-02-02'
    status:
      code: 201
      message: Created
    url: !!python/object/new:yarl.URL
      state: !!python/tuple
      - !!python/object/new:urllib.parse.SplitResult
        - https
        - amqptest.blob.core.windows.net
        - /utcontainercba71f98/blobcba71f98
        - comp=appendblock
        - ''
- request:
    body: null
    headers:
      Accept:
      - application/xml
      User-Agent:
      - azsdk-python-storage-blob/12.0.0b2 Python/3.7.3 (Windows-10-10.0.17763-SP0)
      content-type:
      - application/xml; charset=utf-8
      x-ms-client-request-id:
      - c6e1b6d4-c530-11e9-b75e-2816a845e8c6
      x-ms-date:
      - Thu, 22 Aug 2019 23:01:29 GMT
      x-ms-range:
      - bytes=0-33554431
      x-ms-version:
      - '2019-02-02'
    method: GET
    uri: https://blobstoragename.blob.core.windows.net/utcontainercba71f98/blobcba71f98
  response:
    body:
      string: defgh
    headers:
      ? !!python/object/new:multidict._istr.istr
      - Accept-Ranges
      : bytes
      ? !!python/object/new:multidict._istr.istr
      - Content-Length
      : '5'
      ? !!python/object/new:multidict._istr.istr
      - Content-Range
      : bytes 0-4/5
      ? !!python/object/new:multidict._istr.istr
      - Content-Type
      : application/xml; charset=utf-8
      ? !!python/object/new:multidict._istr.istr
      - Date
      : Thu, 22 Aug 2019 23:01:29 GMT
      ? !!python/object/new:multidict._istr.istr
      - Etag
      : '"0x8D72754AB08E678"'
      ? !!python/object/new:multidict._istr.istr
      - Last-Modified
      : Thu, 22 Aug 2019 23:01:29 GMT
      ? !!python/object/new:multidict._istr.istr
      - Server
      : Windows-Azure-Blob/1.0 Microsoft-HTTPAPI/2.0
      ? !!python/object/new:multidict._istr.istr
      - Vary
      : Origin
      x-ms-blob-committed-block-count: '1'
      x-ms-blob-type: AppendBlob
      x-ms-client-request-id: c6e1b6d4-c530-11e9-b75e-2816a845e8c6
      x-ms-creation-time: Thu, 22 Aug 2019 23:01:29 GMT
      x-ms-lease-state: available
      x-ms-lease-status: unlocked
      x-ms-request-id: c92a1cf9-c01e-00bd-623d-59728c000000
      x-ms-server-encrypted: 'true'
      x-ms-tag-count: '0'
      x-ms-version: '2019-02-02'
    status:
      code: 206
      message: Partial Content
    url: !!python/object/new:yarl.URL
      state: !!python/tuple
      - !!python/object/new:urllib.parse.SplitResult
        - https
        - amqptest.blob.core.windows.net
        - /utcontainercba71f98/blobcba71f98
        - ''
        - ''
version: 1
