interactions:
- request:
    body: null
    headers:
      Accept:
      - '*/*'
      Accept-Encoding:
      - gzip, deflate
      Connection:
      - keep-alive
      Content-Length:
      - '0'
      User-Agent:
      - python/3.6.5 (Darwin-16.7.0-x86_64-i386-64bit) azure-core/0.0.1
      x-ms-client-request-id:
      - a9353b78-8ecb-11e9-aa15-f45c89a7d159
      x-ms-date:
      - Fri, 14 Jun 2019 17:41:37 GMT
      x-ms-version:
      - '2018-03-28'
    method: PUT
    uri: https://remotestoragename.blob.core.windows.net/containerd2a01376?restype=container
  response:
    body:
      string: ''
    headers:
      Content-Length:
      - '0'
      Date:
      - Fri, 14 Jun 2019 17:41:38 GMT
      ETag:
      - '"0x8D6F0EF8DFA3352"'
      Last-Modified:
      - Fri, 14 Jun 2019 17:41:38 GMT
      Server:
      - Windows-Azure-Blob/1.0 Microsoft-HTTPAPI/2.0
      x-ms-request-id:
      - 3fe20d1f-401e-002f-17d8-22e53a000000
      x-ms-version:
      - '2018-03-28'
    status:
      code: 201
      message: Created
- request:
    body: null
    headers:
      Accept:
      - '*/*'
      Accept-Encoding:
      - gzip, deflate
      Connection:
      - keep-alive
      Content-Length:
      - '0'
      User-Agent:
      - python/3.6.5 (Darwin-16.7.0-x86_64-i386-64bit) azure-core/0.0.1
      x-ms-client-request-id:
      - a954d098-8ecb-11e9-98b8-f45c89a7d159
      x-ms-date:
      - Fri, 14 Jun 2019 17:41:38 GMT
      x-ms-lease-action:
      - acquire
      x-ms-lease-duration:
      - '-1'
      x-ms-proposed-lease-id:
      - f3c3079a-b6bd-458f-9c4d-fcefbb21f23d
      x-ms-version:
      - '2018-03-28'
    method: PUT
    uri: https://remotestoragename.blob.core.windows.net/containerd2a01376?comp=lease&restype=container
  response:
    body:
      string: ''
    headers:
      Content-Length:
      - '0'
      Date:
      - Fri, 14 Jun 2019 17:41:38 GMT
      ETag:
      - '"0x8D6F0EF8DFA3352"'
      Last-Modified:
      - Fri, 14 Jun 2019 17:41:38 GMT
      Server:
      - Windows-Azure-Blob/1.0 Microsoft-HTTPAPI/2.0
      x-ms-lease-id:
      - f3c3079a-b6bd-458f-9c4d-fcefbb21f23d
      x-ms-request-id:
      - 3fe20d44-401e-002f-35d8-22e53a000000
      x-ms-version:
      - '2018-03-28'
    status:
      code: 201
      message: Created
- request:
    body: null
    headers:
      Accept:
      - '*/*'
      Accept-Encoding:
      - gzip, deflate
      Connection:
      - keep-alive
      User-Agent:
      - python/3.6.5 (Darwin-16.7.0-x86_64-i386-64bit) azure-core/0.0.1
      x-ms-client-request-id:
      - a95d8cb8-8ecb-11e9-a178-f45c89a7d159
      x-ms-date:
      - Fri, 14 Jun 2019 17:41:38 GMT
      x-ms-version:
      - '2018-03-28'
    method: GET
    uri: https://remotestoragename.blob.core.windows.net/containerd2a01376?restype=container
  response:
    body:
      string: ''
    headers:
      Content-Length:
      - '0'
      Date:
      - Fri, 14 Jun 2019 17:41:38 GMT
      ETag:
      - '"0x8D6F0EF8DFA3352"'
      Last-Modified:
      - Fri, 14 Jun 2019 17:41:38 GMT
      Server:
      - Windows-Azure-Blob/1.0 Microsoft-HTTPAPI/2.0
      Vary:
      - Origin
      x-ms-has-immutability-policy:
      - 'false'
      x-ms-has-legal-hold:
      - 'false'
      x-ms-lease-duration:
      - infinite
      x-ms-lease-state:
      - leased
      x-ms-lease-status:
      - locked
      x-ms-request-id:
      - 3fe20d5d-401e-002f-4dd8-22e53a000000
      x-ms-version:
      - '2018-03-28'
    status:
      code: 200
      message: OK
- request:
    body: null
    headers:
      Accept:
      - '*/*'
      Accept-Encoding:
      - gzip, deflate
      Connection:
      - keep-alive
      Content-Length:
      - '0'
      User-Agent:
      - python/3.6.5 (Darwin-16.7.0-x86_64-i386-64bit) azure-core/0.0.1
      x-ms-client-request-id:
      - fedc5ef4-8ed4-11e9-84f5-f45c89a7d159
      x-ms-date:
      - Fri, 14 Jun 2019 18:48:27 GMT
      x-ms-version:
      - '2018-03-28'
    method: PUT
    uri: https://storagename.blob.core.windows.net/containerd2a01376?restype=container
  response:
    body:
      string: "\uFEFF<?xml version=\"1.0\" encoding=\"utf-8\"?><Error><Code>ContainerAlreadyExists</Code><Message>The
        specified container already exists.\nRequestId:8fae797c-b01e-00b9-75e1-22870e000000\nTime:2019-06-14T18:48:27.3521102Z</Message></Error>"
    headers:
      Content-Length:
      - '230'
      Content-Type:
      - application/xml
      Date:
      - Fri, 14 Jun 2019 18:48:26 GMT
      Server:
      - Windows-Azure-Blob/1.0 Microsoft-HTTPAPI/2.0
      x-ms-error-code:
      - ContainerAlreadyExists
      x-ms-request-id:
      - 8fae797c-b01e-00b9-75e1-22870e000000
      x-ms-version:
      - '2018-03-28'
    status:
      code: 409
      message: The specified container already exists.
- request:
    body: null
    headers:
      Accept:
      - '*/*'
      Accept-Encoding:
      - gzip, deflate
      Connection:
      - keep-alive
      Content-Length:
      - '0'
      User-Agent:
      - python/3.6.5 (Darwin-16.7.0-x86_64-i386-64bit) azure-core/0.0.1
      x-ms-client-request-id:
      - 45444bee-8ed6-11e9-8a63-f45c89a7d159
      x-ms-date:
      - Fri, 14 Jun 2019 18:57:34 GMT
      x-ms-version:
      - '2018-03-28'
    method: PUT
    uri: https://storagename.blob.core.windows.net/containerd2a01376?restype=container
  response:
    body:
      string: "\uFEFF<?xml version=\"1.0\" encoding=\"utf-8\"?><Error><Code>ContainerAlreadyExists</Code><Message>The
        specified container already exists.\nRequestId:960ca4d5-b01e-00d4-3ee3-222d20000000\nTime:2019-06-14T18:57:35.0620021Z</Message></Error>"
    headers:
      Content-Length:
      - '230'
      Content-Type:
      - application/xml
      Date:
      - Fri, 14 Jun 2019 18:57:34 GMT
      Server:
      - Windows-Azure-Blob/1.0 Microsoft-HTTPAPI/2.0
      x-ms-error-code:
      - ContainerAlreadyExists
      x-ms-request-id:
      - 960ca4d5-b01e-00d4-3ee3-222d20000000
      x-ms-version:
      - '2018-03-28'
    status:
      code: 409
      message: The specified container already exists.
- request:
    body: null
    headers:
      Accept:
      - '*/*'
      Accept-Encoding:
      - gzip, deflate
      Connection:
      - keep-alive
      Content-Length:
      - '0'
      User-Agent:
      - python/3.6.5 (Darwin-16.7.0-x86_64-i386-64bit) azure-core/0.0.1
      x-ms-client-request-id:
      - f732b842-8ed9-11e9-ba8e-f45c89a7d159
      x-ms-date:
      - Fri, 14 Jun 2019 19:24:01 GMT
      x-ms-version:
      - '2018-03-28'
    method: PUT
    uri: https://storagename.blob.core.windows.net/containerd2a01376?restype=container
  response:
    body:
      string: ''
    headers:
      Content-Length:
      - '0'
      Date:
      - Fri, 14 Jun 2019 19:24:01 GMT
      ETag:
      - '"0x8D6F0FDDB94A142"'
      Last-Modified:
      - Fri, 14 Jun 2019 19:24:02 GMT
      Server:
      - Windows-Azure-Blob/1.0 Microsoft-HTTPAPI/2.0
      x-ms-request-id:
      - 7a32f211-901e-00ae-38e6-22476d000000
      x-ms-version:
      - '2018-03-28'
    status:
      code: 201
      message: Created
- request:
    body: null
    headers:
      Accept:
      - '*/*'
      Accept-Encoding:
      - gzip, deflate
      Connection:
      - keep-alive
      Content-Length:
      - '0'
      User-Agent:
      - python/3.6.5 (Darwin-16.7.0-x86_64-i386-64bit) azure-core/0.0.1
      x-ms-client-request-id:
      - f7663a34-8ed9-11e9-9ace-f45c89a7d159
      x-ms-date:
      - Fri, 14 Jun 2019 19:24:02 GMT
      x-ms-lease-action:
      - acquire
      x-ms-lease-duration:
      - '-1'
      x-ms-proposed-lease-id:
      - 23302751-344a-4623-87b2-337b84a07627
      x-ms-version:
      - '2018-03-28'
    method: PUT
    uri: https://storagename.blob.core.windows.net/containerd2a01376?comp=lease&restype=container
  response:
    body:
      string: ''
    headers:
      Content-Length:
      - '0'
      Date:
      - Fri, 14 Jun 2019 19:24:01 GMT
      ETag:
      - '"0x8D6F0FDDB94A142"'
      Last-Modified:
      - Fri, 14 Jun 2019 19:24:02 GMT
      Server:
      - Windows-Azure-Blob/1.0 Microsoft-HTTPAPI/2.0
      x-ms-lease-id:
      - 23302751-344a-4623-87b2-337b84a07627
      x-ms-request-id:
      - 7a32f22b-901e-00ae-4de6-22476d000000
      x-ms-version:
      - '2018-03-28'
    status:
      code: 201
      message: Created
- request:
    body: null
    headers:
      Accept:
      - '*/*'
      Accept-Encoding:
      - gzip, deflate
      Connection:
      - keep-alive
      User-Agent:
      - python/3.6.5 (Darwin-16.7.0-x86_64-i386-64bit) azure-core/0.0.1
      x-ms-client-request-id:
      - f76ecb5c-8ed9-11e9-a375-f45c89a7d159
      x-ms-date:
      - Fri, 14 Jun 2019 19:24:02 GMT
      x-ms-version:
      - '2018-03-28'
    method: GET
    uri: https://storagename.blob.core.windows.net/containerd2a01376?restype=container
  response:
    body:
      string: ''
    headers:
      Content-Length:
      - '0'
      Date:
      - Fri, 14 Jun 2019 19:24:01 GMT
      ETag:
      - '"0x8D6F0FDDB94A142"'
      Last-Modified:
      - Fri, 14 Jun 2019 19:24:02 GMT
      Server:
      - Windows-Azure-Blob/1.0 Microsoft-HTTPAPI/2.0
      Vary:
      - Origin
      x-ms-has-immutability-policy:
      - 'false'
      x-ms-has-legal-hold:
      - 'false'
      x-ms-lease-duration:
      - infinite
      x-ms-lease-state:
      - leased
      x-ms-lease-status:
      - locked
      x-ms-request-id:
      - 7a32f23c-901e-00ae-5ce6-22476d000000
      x-ms-version:
      - '2018-03-28'
    status:
      code: 200
      message: OK
- request:
    body: null
    headers:
      Accept:
      - '*/*'
      Accept-Encoding:
      - gzip, deflate
      Connection:
      - keep-alive
      Content-Length:
      - '0'
      User-Agent:
      - azsdk-python-storage-blob/12.0.0b2 Python/3.7.3 (Windows-10-10.0.17763-SP0)
      content-type:
      - application/xml; charset=utf-8
      x-ms-client-request-id:
      - c9a3a436-c532-11e9-abd7-2816a845e8c6
      x-ms-date:
      - Thu, 22 Aug 2019 23:15:53 GMT
      x-ms-version:
      - '2019-02-02'
    method: PUT
    uri: https://blobstoragename.blob.core.windows.net/containerd2a01376?restype=container
  response:
    body:
      string: "\uFEFF<?xml version=\"1.0\" encoding=\"utf-8\"?><Error><Code>ContainerAlreadyExists</Code><Message>The
        specified container already exists.\nRequestId:a2a65798-d01e-00c4-713f-591bc6000000\nTime:2019-08-22T23:15:53.5746489Z</Message></Error>"
    headers:
      Content-Length:
      - '230'
      Content-Type:
      - application/xml
      Date:
      - Thu, 22 Aug 2019 23:15:53 GMT
      Server:
      - Windows-Azure-Blob/1.0 Microsoft-HTTPAPI/2.0
      x-ms-client-request-id:
      - c9a3a436-c532-11e9-abd7-2816a845e8c6
      x-ms-error-code:
      - ContainerAlreadyExists
      x-ms-request-id:
      - a2a65798-d01e-00c4-713f-591bc6000000
      x-ms-version:
      - '2019-02-02'
    status:
      code: 409
      message: The specified container already exists.
- request:
    body: null
    headers:
      Accept:
      - '*/*'
      Accept-Encoding:
      - gzip, deflate
      Connection:
      - keep-alive
      Content-Length:
      - '0'
      User-Agent:
      - azsdk-python-storage-blob/12.0.0b2 Python/3.7.3 (Windows-10-10.0.17763-SP0)
      content-type:
      - application/xml; charset=utf-8
      x-ms-client-request-id:
      - c9d4569c-c532-11e9-bd39-2816a845e8c6
      x-ms-date:
      - Thu, 22 Aug 2019 23:15:53 GMT
      x-ms-lease-action:
      - acquire
      x-ms-lease-duration:
      - '-1'
      x-ms-proposed-lease-id:
      - 6126ab4b-8846-4f3e-90d2-b5a20837a765
      x-ms-version:
      - '2019-02-02'
    method: PUT
    uri: https://blobstoragename.blob.core.windows.net/containerd2a01376?comp=lease&restype=container
  response:
    body:
      string: "\uFEFF<?xml version=\"1.0\" encoding=\"utf-8\"?><Error><Code>LeaseAlreadyPresent</Code><Message>There
        is already a lease present.\nRequestId:a2a657b1-d01e-00c4-073f-591bc6000000\nTime:2019-08-22T23:15:53.6777224Z</Message></Error>"
    headers:
      Content-Length:
      - '221'
      Content-Type:
      - application/xml
      Date:
      - Thu, 22 Aug 2019 23:15:53 GMT
      Server:
      - Windows-Azure-Blob/1.0 Microsoft-HTTPAPI/2.0
      x-ms-client-request-id:
      - c9d4569c-c532-11e9-bd39-2816a845e8c6
      x-ms-error-code:
      - LeaseAlreadyPresent
      x-ms-request-id:
      - a2a657b1-d01e-00c4-073f-591bc6000000
      x-ms-version:
      - '2019-02-02'
    status:
      code: 409
      message: There is already a lease present.
version: 1
