interactions:
- request:
    body: null
    headers:
      User-Agent:
      - azsdk-python-storage-blob/12.0.0b1 Python/3.7.3 (Windows-10-10.0.18362-SP0)
      content-type:
      - application/xml; charset=utf-8
      x-ms-client-request-id:
      - 40848d66-b4d5-11e9-95d0-b831b58100e8
      x-ms-date:
      - Fri, 02 Aug 2019 03:26:01 GMT
      x-ms-meta-hello:
      - world
      x-ms-meta-number:
      - '42'
      x-ms-version:
      - '2018-03-28'
    method: PUT
    uri: https://storagename.blob.core.windows.net/container917e16fe?restype=container
  response:
    body:
      string: ''
    headers:
      ? !!python/object/new:multidict._istr.istr
      - Content-Length
      : '0'
      ? !!python/object/new:multidict._istr.istr
      - Date
      : Fri, 02 Aug 2019 03:26:01 GMT
      ? !!python/object/new:multidict._istr.istr
      - Etag
      : '"0x8D716F924C8022A"'
      ? !!python/object/new:multidict._istr.istr
      - Last-Modified
      : Fri, 02 Aug 2019 03:26:01 GMT
      ? !!python/object/new:multidict._istr.istr
      - Server
      : Windows-Azure-Blob/1.0 Microsoft-HTTPAPI/2.0
      x-ms-request-id: 16ed2324-b01e-00d4-1de2-482d20000000
      x-ms-version: '2018-03-28'
    status:
      code: 201
      message: Created
    url: !!python/object/new:yarl.URL
      state: !!python/tuple
      - !!python/object/new:urllib.parse.SplitResult
        - https
        - amqptest.blob.core.windows.net
        - /container917e16fe
        - restype=container
        - ''
- request:
    body: null
    headers:
      User-Agent:
      - azsdk-python-storage-blob/12.0.0b1 Python/3.7.3 (Windows-10-10.0.18362-SP0)
      content-type:
      - application/xml; charset=utf-8
      x-ms-client-request-id:
      - 409afb9a-b4d5-11e9-a311-b831b58100e8
      x-ms-date:
      - Fri, 02 Aug 2019 03:26:01 GMT
      x-ms-version:
      - '2018-03-28'
    method: GET
    uri: https://storagename.blob.core.windows.net/container917e16fe?restype=container
  response:
    body:
      string: ''
    headers:
      ? !!python/object/new:multidict._istr.istr
      - Content-Length
      : '0'
      ? !!python/object/new:multidict._istr.istr
      - Date
      : Fri, 02 Aug 2019 03:26:01 GMT
      ? !!python/object/new:multidict._istr.istr
      - Etag
      : '"0x8D716F924C8022A"'
      ? !!python/object/new:multidict._istr.istr
      - Last-Modified
      : Fri, 02 Aug 2019 03:26:01 GMT
      ? !!python/object/new:multidict._istr.istr
      - Server
      : Windows-Azure-Blob/1.0 Microsoft-HTTPAPI/2.0
      ? !!python/object/new:multidict._istr.istr
      - Vary
      : Origin
      x-ms-has-immutability-policy: 'false'
      x-ms-has-legal-hold: 'false'
      x-ms-lease-state: available
      x-ms-lease-status: unlocked
      x-ms-meta-hello: world
      x-ms-meta-number: '42'
      x-ms-request-id: 16ed232f-b01e-00d4-25e2-482d20000000
      x-ms-version: '2018-03-28'
    status:
      code: 200
      message: OK
    url: !!python/object/new:yarl.URL
      state: !!python/tuple
      - !!python/object/new:urllib.parse.SplitResult
        - https
        - amqptest.blob.core.windows.net
        - /container917e16fe
        - restype=container
        - ''
- request:
    body: null
    headers:
      User-Agent:
      - azsdk-python-storage-blob/12.0.0b2 Python/3.7.3 (Windows-10-10.0.17763-SP0)
      content-type:
      - application/xml; charset=utf-8
      x-ms-client-request-id:
      - f4e595be-c532-11e9-8e13-2816a845e8c6
      x-ms-date:
      - Thu, 22 Aug 2019 23:17:05 GMT
      x-ms-meta-hello:
      - world
      x-ms-meta-number:
      - '42'
      x-ms-version:
      - '2019-02-02'
    method: PUT
    uri: https://blobstoragename.blob.core.windows.net/container917e16fe?restype=container
  response:
    body:
      string: ''
    headers:
      ? !!python/object/new:multidict._istr.istr
      - Content-Length
      : '0'
      ? !!python/object/new:multidict._istr.istr
      - Date
      : Thu, 22 Aug 2019 23:17:05 GMT
      ? !!python/object/new:multidict._istr.istr
      - Etag
      : '"0x8D72756D9219DB4"'
      ? !!python/object/new:multidict._istr.istr
      - Last-Modified
      : Thu, 22 Aug 2019 23:17:05 GMT
      ? !!python/object/new:multidict._istr.istr
      - Server
      : Windows-Azure-Blob/1.0 Microsoft-HTTPAPI/2.0
      x-ms-client-request-id: f4e595be-c532-11e9-8e13-2816a845e8c6
      x-ms-request-id: e42f6526-401e-0024-5e3f-59fd4e000000
      x-ms-version: '2019-02-02'
    status:
      code: 201
      message: Created
    url: !!python/object/new:yarl.URL
      state: !!python/tuple
      - !!python/object/new:urllib.parse.SplitResult
        - https
        - amqptest.blob.core.windows.net
        - /container917e16fe
        - restype=container
        - ''
- request:
    body: null
    headers:
      User-Agent:
      - azsdk-python-storage-blob/12.0.0b2 Python/3.7.3 (Windows-10-10.0.17763-SP0)
      content-type:
      - application/xml; charset=utf-8
      x-ms-client-request-id:
      - f4fbcee2-c532-11e9-b3c6-2816a845e8c6
      x-ms-date:
      - Thu, 22 Aug 2019 23:17:06 GMT
      x-ms-version:
      - '2019-02-02'
    method: GET
    uri: https://blobstoragename.blob.core.windows.net/container917e16fe?restype=container
  response:
    body:
      string: ''
    headers:
      ? !!python/object/new:multidict._istr.istr
      - Content-Length
      : '0'
      ? !!python/object/new:multidict._istr.istr
      - Date
      : Thu, 22 Aug 2019 23:17:05 GMT
      ? !!python/object/new:multidict._istr.istr
      - Etag
      : '"0x8D72756D9219DB4"'
      ? !!python/object/new:multidict._istr.istr
      - Last-Modified
      : Thu, 22 Aug 2019 23:17:05 GMT
      ? !!python/object/new:multidict._istr.istr
      - Server
      : Windows-Azure-Blob/1.0 Microsoft-HTTPAPI/2.0
      ? !!python/object/new:multidict._istr.istr
      - Vary
      : Origin
      x-ms-client-request-id: f4fbcee2-c532-11e9-b3c6-2816a845e8c6
      x-ms-default-encryption-scope: $account-encryption-key
      x-ms-deny-encryption-scope-override: 'false'
      x-ms-has-immutability-policy: 'false'
      x-ms-has-legal-hold: 'false'
      x-ms-lease-state: available
      x-ms-lease-status: unlocked
      x-ms-meta-hello: world
      x-ms-meta-number: '42'
      x-ms-request-id: e42f6536-401e-0024-683f-59fd4e000000
      x-ms-version: '2019-02-02'
    status:
      code: 200
      message: OK
    url: !!python/object/new:yarl.URL
      state: !!python/tuple
      - !!python/object/new:urllib.parse.SplitResult
        - https
        - amqptest.blob.core.windows.net
        - /container917e16fe
        - restype=container
        - ''
version: 1
