interactions:
- request:
    body: null
    headers:
      User-Agent:
      - azsdk-python-storage-blob/12.0.0b1 Python/3.7.3 (Windows-10-10.0.18362-SP0)
      content-type:
      - application/xml; charset=utf-8
      x-ms-client-request-id:
      - a6332174-b4d1-11e9-91ee-b831b58100e8
      x-ms-date:
      - Fri, 02 Aug 2019 03:00:14 GMT
      x-ms-version:
      - '2018-03-28'
    method: PUT
    uri: https://storagename.blob.core.windows.net/utcontainer4f1d211e?restype=container
  response:
    body:
      string: ''
    headers:
      ? !!python/object/new:multidict._istr.istr
      - Content-Length
      : '0'
      ? !!python/object/new:multidict._istr.istr
      - Date
      : Fri, 02 Aug 2019 03:00:13 GMT
      ? !!python/object/new:multidict._istr.istr
      - Etag
      : '"0x8D716F58A75CC29"'
      ? !!python/object/new:multidict._istr.istr
      - Last-Modified
      : Fri, 02 Aug 2019 03:00:14 GMT
      ? !!python/object/new:multidict._istr.istr
      - Server
      : Windows-Azure-Blob/1.0 Microsoft-HTTPAPI/2.0
      x-ms-request-id: 90c40533-e01e-00aa-68de-48b2ef000000
      x-ms-version: '2018-03-28'
    status:
      code: 201
      message: Created
    url: !!python/object/new:yarl.URL
      state: !!python/tuple
      - !!python/object/new:urllib.parse.SplitResult
        - https
        - amqptest.blob.core.windows.net
        - /utcontainer4f1d211e
        - restype=container
        - ''
- request:
    body: hello world
    headers:
      Content-Length:
      - '11'
      Content-Type:
      - application/octet-stream
      If-None-Match:
      - '*'
      User-Agent:
      - azsdk-python-storage-blob/12.0.0b1 Python/3.7.3 (Windows-10-10.0.18362-SP0)
      x-ms-blob-type:
      - BlockBlob
      x-ms-client-request-id:
      - a64b1612-b4d1-11e9-bdaf-b831b58100e8
      x-ms-date:
      - Fri, 02 Aug 2019 03:00:14 GMT
      x-ms-version:
      - '2018-03-28'
    method: PUT
    uri: https://storagename.blob.core.windows.net/utcontainer4f1d211e/blob1
  response:
    body:
      string: ''
    headers:
      ? !!python/object/new:multidict._istr.istr
      - Content-Length
      : '0'
      ? !!python/object/new:multidict._istr.istr
      - Content-Md5
      : XrY7u+Ae7tCTyyK7j1rNww==
      ? !!python/object/new:multidict._istr.istr
      - Date
      : Fri, 02 Aug 2019 03:00:13 GMT
      ? !!python/object/new:multidict._istr.istr
      - Etag
      : '"0x8D716F58A7EA47F"'
      ? !!python/object/new:multidict._istr.istr
      - Last-Modified
      : Fri, 02 Aug 2019 03:00:14 GMT
      ? !!python/object/new:multidict._istr.istr
      - Server
      : Windows-Azure-Blob/1.0 Microsoft-HTTPAPI/2.0
      x-ms-request-id: 90c40548-e01e-00aa-7bde-48b2ef000000
      x-ms-request-server-encrypted: 'true'
      x-ms-version: '2018-03-28'
    status:
      code: 201
      message: Created
    url: !!python/object/new:yarl.URL
      state: !!python/tuple
      - !!python/object/new:urllib.parse.SplitResult
        - https
        - amqptest.blob.core.windows.net
        - /utcontainer4f1d211e/blob1
        - ''
        - ''
- request:
    body: null
    headers:
      If-None-Match:
      - '0x111111111111111'
      User-Agent:
      - azsdk-python-storage-blob/12.0.0b1 Python/3.7.3 (Windows-10-10.0.18362-SP0)
      content-type:
      - application/xml; charset=utf-8
      x-ms-client-request-id:
      - a6537a8a-b4d1-11e9-948d-b831b58100e8
      x-ms-date:
      - Fri, 02 Aug 2019 03:00:14 GMT
      x-ms-meta-hello:
      - world
      x-ms-meta-number:
      - '42'
      x-ms-version:
      - '2018-03-28'
    method: PUT
    uri: https://storagename.blob.core.windows.net/utcontainer4f1d211e/blob1?comp=metadata
  response:
    body:
      string: ''
    headers:
      ? !!python/object/new:multidict._istr.istr
      - Content-Length
      : '0'
      ? !!python/object/new:multidict._istr.istr
      - Date
      : Fri, 02 Aug 2019 03:00:13 GMT
      ? !!python/object/new:multidict._istr.istr
      - Etag
      : '"0x8D716F58A86E43B"'
      ? !!python/object/new:multidict._istr.istr
      - Last-Modified
      : Fri, 02 Aug 2019 03:00:14 GMT
      ? !!python/object/new:multidict._istr.istr
      - Server
      : Windows-Azure-Blob/1.0 Microsoft-HTTPAPI/2.0
      x-ms-request-id: 90c40555-e01e-00aa-07de-48b2ef000000
      x-ms-request-server-encrypted: 'true'
      x-ms-version: '2018-03-28'
    status:
      code: 200
      message: OK
    url: !!python/object/new:yarl.URL
      state: !!python/tuple
      - !!python/object/new:urllib.parse.SplitResult
        - https
        - amqptest.blob.core.windows.net
        - /utcontainer4f1d211e/blob1
        - comp=metadata
        - ''
- request:
    body: null
    headers:
      User-Agent:
      - azsdk-python-storage-blob/12.0.0b1 Python/3.7.3 (Windows-10-10.0.18362-SP0)
      content-type:
      - application/xml; charset=utf-8
      x-ms-client-request-id:
      - a6599514-b4d1-11e9-9824-b831b58100e8
      x-ms-date:
      - Fri, 02 Aug 2019 03:00:14 GMT
      x-ms-version:
      - '2018-03-28'
    method: HEAD
    uri: https://storagename.blob.core.windows.net/utcontainer4f1d211e/blob1
  response:
    body:
      string: ''
    headers:
      ? !!python/object/new:multidict._istr.istr
      - Accept-Ranges
      : bytes
      ? !!python/object/new:multidict._istr.istr
      - Content-Length
      : '11'
      ? !!python/object/new:multidict._istr.istr
      - Content-Md5
      : XrY7u+Ae7tCTyyK7j1rNww==
      ? !!python/object/new:multidict._istr.istr
      - Content-Type
      : application/octet-stream
      ? !!python/object/new:multidict._istr.istr
      - Date
      : Fri, 02 Aug 2019 03:00:13 GMT
      ? !!python/object/new:multidict._istr.istr
      - Etag
      : '"0x8D716F58A86E43B"'
      ? !!python/object/new:multidict._istr.istr
      - Last-Modified
      : Fri, 02 Aug 2019 03:00:14 GMT
      ? !!python/object/new:multidict._istr.istr
      - Server
      : Windows-Azure-Blob/1.0 Microsoft-HTTPAPI/2.0
      ? !!python/object/new:multidict._istr.istr
      - Vary
      : Origin
      x-ms-access-tier: Hot
      x-ms-access-tier-inferred: 'true'
      x-ms-blob-type: BlockBlob
      x-ms-creation-time: Fri, 02 Aug 2019 03:00:14 GMT
      x-ms-lease-state: available
      x-ms-lease-status: unlocked
      x-ms-meta-hello: world
      x-ms-meta-number: '42'
      x-ms-request-id: 90c40561-e01e-00aa-11de-48b2ef000000
      x-ms-server-encrypted: 'true'
      x-ms-version: '2018-03-28'
    status:
      code: 200
      message: OK
    url: !!python/object/new:yarl.URL
      state: !!python/tuple
      - !!python/object/new:urllib.parse.SplitResult
        - https
        - amqptest.blob.core.windows.net
        - /utcontainer4f1d211e/blob1
        - ''
        - ''
- request:
    body: null
    headers:
      User-Agent:
      - azsdk-python-storage-blob/12.0.0b2 Python/3.7.3 (Windows-10-10.0.17763-SP0)
      content-type:
      - application/xml; charset=utf-8
      x-ms-client-request-id:
      - 3f6bebda-c531-11e9-b513-2816a845e8c6
      x-ms-date:
      - Thu, 22 Aug 2019 23:04:51 GMT
      x-ms-version:
      - '2019-02-02'
    method: PUT
    uri: https://blobstoragename.blob.core.windows.net/utcontainer4f1d211e?restype=container
  response:
    body:
      string: ''
    headers:
      ? !!python/object/new:multidict._istr.istr
      - Content-Length
      : '0'
      ? !!python/object/new:multidict._istr.istr
      - Date
      : Thu, 22 Aug 2019 23:04:51 GMT
      ? !!python/object/new:multidict._istr.istr
      - Etag
      : '"0x8D7275523A9ABF2"'
      ? !!python/object/new:multidict._istr.istr
      - Last-Modified
      : Thu, 22 Aug 2019 23:04:52 GMT
      ? !!python/object/new:multidict._istr.istr
      - Server
      : Windows-Azure-Blob/1.0 Microsoft-HTTPAPI/2.0
      x-ms-client-request-id: 3f6bebda-c531-11e9-b513-2816a845e8c6
      x-ms-request-id: 806207b7-201e-0059-753e-596186000000
      x-ms-version: '2019-02-02'
    status:
      code: 201
      message: Created
    url: !!python/object/new:yarl.URL
      state: !!python/tuple
      - !!python/object/new:urllib.parse.SplitResult
        - https
        - amqptest.blob.core.windows.net
        - /utcontainer4f1d211e
        - restype=container
        - ''
- request:
    body: hello world
    headers:
      Content-Length:
      - '11'
      Content-Type:
      - application/octet-stream
      If-None-Match:
      - '*'
      User-Agent:
      - azsdk-python-storage-blob/12.0.0b2 Python/3.7.3 (Windows-10-10.0.17763-SP0)
      x-ms-blob-type:
      - BlockBlob
      x-ms-client-request-id:
      - 3f855602-c531-11e9-b908-2816a845e8c6
      x-ms-date:
      - Thu, 22 Aug 2019 23:04:52 GMT
      x-ms-version:
      - '2019-02-02'
    method: PUT
    uri: https://blobstoragename.blob.core.windows.net/utcontainer4f1d211e/blob1
  response:
    body:
      string: ''
    headers:
      ? !!python/object/new:multidict._istr.istr
      - Content-Length
      : '0'
      ? !!python/object/new:multidict._istr.istr
      - Content-Md5
      : XrY7u+Ae7tCTyyK7j1rNww==
      ? !!python/object/new:multidict._istr.istr
      - Date
      : Thu, 22 Aug 2019 23:04:51 GMT
      ? !!python/object/new:multidict._istr.istr
      - Etag
      : '"0x8D7275523B23A7B"'
      ? !!python/object/new:multidict._istr.istr
      - Last-Modified
      : Thu, 22 Aug 2019 23:04:52 GMT
      ? !!python/object/new:multidict._istr.istr
      - Server
      : Windows-Azure-Blob/1.0 Microsoft-HTTPAPI/2.0
      x-ms-client-request-id: 3f855602-c531-11e9-b908-2816a845e8c6
      x-ms-content-crc64: vo7q9sPVKY0=
      x-ms-request-id: 806207d9-201e-0059-123e-596186000000
      x-ms-request-server-encrypted: 'true'
      x-ms-version: '2019-02-02'
    status:
      code: 201
      message: Created
    url: !!python/object/new:yarl.URL
      state: !!python/tuple
      - !!python/object/new:urllib.parse.SplitResult
        - https
        - amqptest.blob.core.windows.net
        - /utcontainer4f1d211e/blob1
        - ''
        - ''
- request:
    body: null
    headers:
      If-None-Match:
      - '0x111111111111111'
      User-Agent:
      - azsdk-python-storage-blob/12.0.0b2 Python/3.7.3 (Windows-10-10.0.17763-SP0)
      content-type:
      - application/xml; charset=utf-8
      x-ms-client-request-id:
      - 3f8d66c6-c531-11e9-8cfb-2816a845e8c6
      x-ms-date:
      - Thu, 22 Aug 2019 23:04:52 GMT
      x-ms-meta-hello:
      - world
      x-ms-meta-number:
      - '42'
      x-ms-version:
      - '2019-02-02'
    method: PUT
    uri: https://blobstoragename.blob.core.windows.net/utcontainer4f1d211e/blob1?comp=metadata
  response:
    body:
      string: ''
    headers:
      ? !!python/object/new:multidict._istr.istr
      - Content-Length
      : '0'
      ? !!python/object/new:multidict._istr.istr
      - Date
      : Thu, 22 Aug 2019 23:04:51 GMT
      ? !!python/object/new:multidict._istr.istr
      - Etag
      : '"0x8D7275523BA2B32"'
      ? !!python/object/new:multidict._istr.istr
      - Last-Modified
      : Thu, 22 Aug 2019 23:04:52 GMT
      ? !!python/object/new:multidict._istr.istr
      - Server
      : Windows-Azure-Blob/1.0 Microsoft-HTTPAPI/2.0
      x-ms-client-request-id: 3f8d66c6-c531-11e9-8cfb-2816a845e8c6
      x-ms-request-id: 80620802-201e-0059-383e-596186000000
      x-ms-request-server-encrypted: 'true'
      x-ms-version: '2019-02-02'
    status:
      code: 200
      message: OK
    url: !!python/object/new:yarl.URL
      state: !!python/tuple
      - !!python/object/new:urllib.parse.SplitResult
        - https
        - amqptest.blob.core.windows.net
        - /utcontainer4f1d211e/blob1
        - comp=metadata
        - ''
- request:
    body: null
    headers:
      User-Agent:
      - azsdk-python-storage-blob/12.0.0b2 Python/3.7.3 (Windows-10-10.0.17763-SP0)
      content-type:
      - application/xml; charset=utf-8
      x-ms-client-request-id:
      - 3f9bb35a-c531-11e9-820b-2816a845e8c6
      x-ms-date:
      - Thu, 22 Aug 2019 23:04:52 GMT
      x-ms-version:
      - '2019-02-02'
    method: HEAD
    uri: https://blobstoragename.blob.core.windows.net/utcontainer4f1d211e/blob1
  response:
    body:
      string: ''
    headers:
      ? !!python/object/new:multidict._istr.istr
      - Accept-Ranges
      : bytes
      ? !!python/object/new:multidict._istr.istr
      - Content-Length
      : '11'
      ? !!python/object/new:multidict._istr.istr
      - Content-Md5
      : XrY7u+Ae7tCTyyK7j1rNww==
      ? !!python/object/new:multidict._istr.istr
      - Content-Type
      : application/octet-stream
      ? !!python/object/new:multidict._istr.istr
      - Date
      : Thu, 22 Aug 2019 23:04:51 GMT
      ? !!python/object/new:multidict._istr.istr
      - Etag
      : '"0x8D7275523BA2B32"'
      ? !!python/object/new:multidict._istr.istr
      - Last-Modified
      : Thu, 22 Aug 2019 23:04:52 GMT
      ? !!python/object/new:multidict._istr.istr
      - Server
      : Windows-Azure-Blob/1.0 Microsoft-HTTPAPI/2.0
      ? !!python/object/new:multidict._istr.istr
      - Vary
      : Origin
      x-ms-access-tier: Hot
      x-ms-access-tier-inferred: 'true'
      x-ms-blob-type: BlockBlob
      x-ms-client-request-id: 3f9bb35a-c531-11e9-820b-2816a845e8c6
      x-ms-creation-time: Thu, 22 Aug 2019 23:04:52 GMT
      x-ms-lease-state: available
      x-ms-lease-status: unlocked
      x-ms-meta-hello: world
      x-ms-meta-number: '42'
      x-ms-request-id: 80620836-201e-0059-653e-596186000000
      x-ms-server-encrypted: 'true'
      x-ms-tag-count: '0'
      x-ms-version: '2019-02-02'
    status:
      code: 200
      message: OK
    url: !!python/object/new:yarl.URL
      state: !!python/tuple
      - !!python/object/new:urllib.parse.SplitResult
        - https
        - amqptest.blob.core.windows.net
        - /utcontainer4f1d211e/blob1
        - ''
        - ''
version: 1
