interactions:
- request:
    body: null
    headers:
      Accept:
      - '*/*'
      Accept-Encoding:
      - gzip, deflate
      Connection:
      - keep-alive
      Content-Length:
      - '0'
      User-Agent:
      - azsdk-python-storage-blob/12.0.0b1 Python/3.6.5 (Darwin-16.7.0-x86_64-i386-64bit)
      x-ms-client-request-id:
      - bcbd5538-9c16-11e9-89fa-f45c89a7d159
      x-ms-date:
      - Mon, 01 Jul 2019 15:41:48 GMT
      x-ms-version:
      - '2018-03-28'
    method: PUT
    uri: https://storagename.blob.core.windows.net/mymetadatacontainer?restype=container
  response:
    body:
      string: ''
    headers:
      Content-Length:
      - '0'
      Date:
      - Mon, 01 Jul 2019 15:41:48 GMT
      ETag:
      - '"0x8D6FE3AA12BFEC1"'
      Last-Modified:
      - Mon, 01 Jul 2019 15:41:48 GMT
      Server:
      - Windows-Azure-Blob/1.0 Microsoft-HTTPAPI/2.0
      x-ms-request-id:
      - 48006fab-a01e-00e9-0823-309806000000
      x-ms-version:
      - '2018-03-28'
    status:
      code: 201
      message: Created
- request:
    body: null
    headers:
      Accept:
      - '*/*'
      Accept-Encoding:
      - gzip, deflate
      Connection:
      - keep-alive
      Content-Length:
      - '0'
      User-Agent:
      - azsdk-python-storage-blob/12.0.0b1 Python/3.6.5 (Darwin-16.7.0-x86_64-i386-64bit)
      x-ms-client-request-id:
      - bcdd6eae-9c16-11e9-b9f6-f45c89a7d159
      x-ms-date:
      - Mon, 01 Jul 2019 15:41:48 GMT
      x-ms-meta-type:
      - test
      x-ms-version:
      - '2018-03-28'
    method: PUT
    uri: https://storagename.blob.core.windows.net/mymetadatacontainer?restype=container&comp=metadata
  response:
    body:
      string: ''
    headers:
      Content-Length:
      - '0'
      Date:
      - Mon, 01 Jul 2019 15:41:48 GMT
      ETag:
      - '"0x8D6FE3AA134860E"'
      Last-Modified:
      - Mon, 01 Jul 2019 15:41:48 GMT
      Server:
      - Windows-Azure-Blob/1.0 Microsoft-HTTPAPI/2.0
      x-ms-request-id:
      - 48006fc3-a01e-00e9-1923-309806000000
      x-ms-version:
      - '2018-03-28'
    status:
      code: 200
      message: OK
- request:
    body: null
    headers:
      Accept:
      - '*/*'
      Accept-Encoding:
      - gzip, deflate
      Connection:
      - keep-alive
      User-Agent:
      - azsdk-python-storage-blob/12.0.0b1 Python/3.6.5 (Darwin-16.7.0-x86_64-i386-64bit)
      x-ms-client-request-id:
      - bce6210c-9c16-11e9-aa5a-f45c89a7d159
      x-ms-date:
      - Mon, 01 Jul 2019 15:41:48 GMT
      x-ms-version:
      - '2018-03-28'
    method: GET
    uri: https://storagename.blob.core.windows.net/mymetadatacontainer?restype=container
  response:
    body:
      string: ''
    headers:
      Content-Length:
      - '0'
      Date:
      - Mon, 01 Jul 2019 15:41:48 GMT
      ETag:
      - '"0x8D6FE3AA134860E"'
      Last-Modified:
      - Mon, 01 Jul 2019 15:41:48 GMT
      Server:
      - Windows-Azure-Blob/1.0 Microsoft-HTTPAPI/2.0
      Vary:
      - Origin
      x-ms-has-immutability-policy:
      - 'false'
      x-ms-has-legal-hold:
      - 'false'
      x-ms-lease-state:
      - available
      x-ms-lease-status:
      - unlocked
      x-ms-meta-type:
      - test
      x-ms-request-id:
      - 48006fe6-a01e-00e9-3a23-309806000000
      x-ms-version:
      - '2018-03-28'
    status:
      code: 200
      message: OK
- request:
    body: null
    headers:
      Accept:
      - '*/*'
      Accept-Encoding:
      - gzip, deflate
      Connection:
      - keep-alive
      Content-Length:
      - '0'
      User-Agent:
      - azsdk-python-storage-blob/12.0.0b1 Python/3.6.5 (Darwin-16.7.0-x86_64-i386-64bit)
      x-ms-client-request-id:
      - bcee7a14-9c16-11e9-84c8-f45c89a7d159
      x-ms-date:
      - Mon, 01 Jul 2019 15:41:48 GMT
      x-ms-version:
      - '2018-03-28'
    method: DELETE
    uri: https://storagename.blob.core.windows.net/mymetadatacontainer?restype=container
  response:
    body:
      string: ''
    headers:
      Content-Length:
      - '0'
      Date:
      - Mon, 01 Jul 2019 15:41:48 GMT
      Server:
      - Windows-Azure-Blob/1.0 Microsoft-HTTPAPI/2.0
      x-ms-request-id:
      - 4800700d-a01e-00e9-5e23-309806000000
      x-ms-version:
      - '2018-03-28'
    status:
      code: 202
      message: Accepted
- request:
    body: null
    headers:
      Accept:
      - '*/*'
      Accept-Encoding:
      - gzip, deflate
      Connection:
      - keep-alive
      Content-Length:
      - '0'
      User-Agent:
      - azsdk-python-storage-blob/12.0.0b2 Python/3.7.3 (Windows-10-10.0.17763-SP0)
      content-type:
      - application/xml; charset=utf-8
      x-ms-client-request-id:
      - 6933ef06-c531-11e9-817b-2816a845e8c6
      x-ms-date:
      - Thu, 22 Aug 2019 23:06:02 GMT
      x-ms-version:
      - '2019-02-02'
    method: PUT
    uri: https://blobstoragename.blob.core.windows.net/mymetadatacontainer?restype=container
  response:
    body:
      string: ''
    headers:
      Content-Length:
      - '0'
      Date:
      - Thu, 22 Aug 2019 23:06:01 GMT
      ETag:
      - '"0x8D727554D945CC1"'
      Last-Modified:
      - Thu, 22 Aug 2019 23:06:02 GMT
      Server:
      - Windows-Azure-Blob/1.0 Microsoft-HTTPAPI/2.0
      x-ms-client-request-id:
      - 6933ef06-c531-11e9-817b-2816a845e8c6
      x-ms-request-id:
      - d8b383f2-001e-0023-113e-590bcb000000
      x-ms-version:
      - '2019-02-02'
    status:
      code: 201
      message: Created
- request:
    body: null
    headers:
      Accept:
      - '*/*'
      Accept-Encoding:
      - gzip, deflate
      Connection:
      - keep-alive
      Content-Length:
      - '0'
      User-Agent:
      - azsdk-python-storage-blob/12.0.0b2 Python/3.7.3 (Windows-10-10.0.17763-SP0)
      content-type:
      - application/xml; charset=utf-8
      x-ms-client-request-id:
      - 696dea0c-c531-11e9-af7a-2816a845e8c6
      x-ms-date:
      - Thu, 22 Aug 2019 23:06:02 GMT
      x-ms-meta-type:
      - test
      x-ms-version:
      - '2019-02-02'
    method: PUT
    uri: https://blobstoragename.blob.core.windows.net/mymetadatacontainer?restype=container&comp=metadata
  response:
    body:
      string: ''
    headers:
      Content-Length:
      - '0'
      Date:
      - Thu, 22 Aug 2019 23:06:01 GMT
      ETag:
      - '"0x8D727554DA1CE08"'
      Last-Modified:
      - Thu, 22 Aug 2019 23:06:02 GMT
      Server:
      - Windows-Azure-Blob/1.0 Microsoft-HTTPAPI/2.0
      x-ms-client-request-id:
      - 696dea0c-c531-11e9-af7a-2816a845e8c6
      x-ms-request-id:
      - d8b3840b-001e-0023-263e-590bcb000000
      x-ms-version:
      - '2019-02-02'
    status:
      code: 200
      message: OK
- request:
    body: null
    headers:
      Accept:
      - '*/*'
      Accept-Encoding:
      - gzip, deflate
      Connection:
      - keep-alive
      User-Agent:
      - azsdk-python-storage-blob/12.0.0b2 Python/3.7.3 (Windows-10-10.0.17763-SP0)
      content-type:
      - application/xml; charset=utf-8
      x-ms-client-request-id:
      - 697b4e76-c531-11e9-ba6f-2816a845e8c6
      x-ms-date:
      - Thu, 22 Aug 2019 23:06:02 GMT
      x-ms-version:
      - '2019-02-02'
    method: GET
    uri: https://blobstoragename.blob.core.windows.net/mymetadatacontainer?restype=container
  response:
    body:
      string: ''
    headers:
      Content-Length:
      - '0'
      Date:
      - Thu, 22 Aug 2019 23:06:01 GMT
      ETag:
      - '"0x8D727554DA1CE08"'
      Last-Modified:
      - Thu, 22 Aug 2019 23:06:02 GMT
      Server:
      - Windows-Azure-Blob/1.0 Microsoft-HTTPAPI/2.0
      Vary:
      - Origin
      x-ms-client-request-id:
      - 697b4e76-c531-11e9-ba6f-2816a845e8c6
      x-ms-default-encryption-scope:
      - $account-encryption-key
      x-ms-deny-encryption-scope-override:
      - 'false'
      x-ms-has-immutability-policy:
      - 'false'
      x-ms-has-legal-hold:
      - 'false'
      x-ms-lease-state:
      - available
      x-ms-lease-status:
      - unlocked
      x-ms-meta-type:
      - test
      x-ms-request-id:
      - d8b3842c-001e-0023-423e-590bcb000000
      x-ms-version:
      - '2019-02-02'
    status:
      code: 200
      message: OK
- request:
    body: null
    headers:
      Accept:
      - '*/*'
      Accept-Encoding:
      - gzip, deflate
      Connection:
      - keep-alive
      Content-Length:
      - '0'
      User-Agent:
      - azsdk-python-storage-blob/12.0.0b2 Python/3.7.3 (Windows-10-10.0.17763-SP0)
      content-type:
      - application/xml; charset=utf-8
      x-ms-client-request-id:
      - 6987efde-c531-11e9-9bcc-2816a845e8c6
      x-ms-date:
      - Thu, 22 Aug 2019 23:06:02 GMT
      x-ms-version:
      - '2019-02-02'
    method: DELETE
    uri: https://blobstoragename.blob.core.windows.net/mymetadatacontainer?restype=container
  response:
    body:
      string: ''
    headers:
      Content-Length:
      - '0'
      Date:
      - Thu, 22 Aug 2019 23:06:01 GMT
      Server:
      - Windows-Azure-Blob/1.0 Microsoft-HTTPAPI/2.0
      x-ms-client-request-id:
      - 6987efde-c531-11e9-9bcc-2816a845e8c6
      x-ms-request-id:
      - d8b38446-001e-0023-5c3e-590bcb000000
      x-ms-version:
      - '2019-02-02'
    status:
      code: 202
      message: Accepted
version: 1
