interactions:
- request:
    body: AAA
    headers:
      Accept:
      - '*/*'
      Accept-Encoding:
      - gzip, deflate
      Connection:
      - keep-alive
      Content-Length:
      - '3'
      Content-Type:
      - application/octet-stream
      User-Agent:
      - python/3.6.5 (Darwin-16.7.0-x86_64-i386-64bit) azure-core/0.0.1
      x-ms-client-request-id:
      - aa1c6ee8-8eca-11e9-a007-f45c89a7d159
      x-ms-date:
      - Fri, 14 Jun 2019 17:34:30 GMT
      x-ms-version:
      - '2018-03-28'
    method: PUT
    uri: https://remotestoragename.blob.core.windows.net/utcontainer945f11d4/blob945f11d4?blockid=MQ%3D%3D&comp=block
  response:
    body:
      string: ''
    headers:
      Content-Length:
      - '0'
      Content-MD5:
      - 4fr/s+YU5sL7p0KWliOGtw==
      Date:
      - Fri, 14 Jun 2019 17:34:30 GMT
      Server:
      - Windows-Azure-Blob/1.0 Microsoft-HTTPAPI/2.0
      x-ms-request-id:
      - 242b2b2f-801e-0010-04d7-2252e6000000
      x-ms-request-server-encrypted:
      - 'true'
      x-ms-version:
      - '2018-03-28'
    status:
      code: 201
      message: Created
- request:
    body: BBB
    headers:
      Accept:
      - '*/*'
      Accept-Encoding:
      - gzip, deflate
      Connection:
      - keep-alive
      Content-Length:
      - '3'
      Content-Type:
      - application/octet-stream
      User-Agent:
      - python/3.6.5 (Darwin-16.7.0-x86_64-i386-64bit) azure-core/0.0.1
      x-ms-client-request-id:
      - aa3c22f8-8eca-11e9-929d-f45c89a7d159
      x-ms-date:
      - Fri, 14 Jun 2019 17:34:30 GMT
      x-ms-version:
      - '2018-03-28'
    method: PUT
    uri: https://remotestoragename.blob.core.windows.net/utcontainer945f11d4/blob945f11d4?blockid=Mg%3D%3D&comp=block
  response:
    body:
      string: ''
    headers:
      Content-Length:
      - '0'
      Content-MD5:
      - K7Il8LqaWJMHV6ho7VfZow==
      Date:
      - Fri, 14 Jun 2019 17:34:30 GMT
      Server:
      - Windows-Azure-Blob/1.0 Microsoft-HTTPAPI/2.0
      x-ms-request-id:
      - 242b2b42-801e-0010-14d7-2252e6000000
      x-ms-request-server-encrypted:
      - 'true'
      x-ms-version:
      - '2018-03-28'
    status:
      code: 201
      message: Created
- request:
    body: CCC
    headers:
      Accept:
      - '*/*'
      Accept-Encoding:
      - gzip, deflate
      Connection:
      - keep-alive
      Content-Length:
      - '3'
      Content-Type:
      - application/octet-stream
      User-Agent:
      - python/3.6.5 (Darwin-16.7.0-x86_64-i386-64bit) azure-core/0.0.1
      x-ms-client-request-id:
      - aa441b02-8eca-11e9-ad55-f45c89a7d159
      x-ms-date:
      - Fri, 14 Jun 2019 17:34:30 GMT
      x-ms-version:
      - '2018-03-28'
    method: PUT
    uri: https://remotestoragename.blob.core.windows.net/utcontainer945f11d4/blob945f11d4?blockid=Mw%3D%3D&comp=block
  response:
    body:
      string: ''
    headers:
      Content-Length:
      - '0'
      Content-MD5:
      - 3vuZ5pqfH24G8VAGsfFmrg==
      Date:
      - Fri, 14 Jun 2019 17:34:31 GMT
      Server:
      - Windows-Azure-Blob/1.0 Microsoft-HTTPAPI/2.0
      x-ms-request-id:
      - 242b2b60-801e-0010-2fd7-2252e6000000
      x-ms-request-server-encrypted:
      - 'true'
      x-ms-version:
      - '2018-03-28'
    status:
      code: 201
      message: Created
- request:
    body: '<?xml version=''1.0'' encoding=''utf-8''?>

      <BlockList><Latest>MQ==</Latest><Latest>Mg==</Latest><Latest>Mw==</Latest></BlockList>'
    headers:
      Accept:
      - '*/*'
      Accept-Encoding:
      - gzip, deflate
      Connection:
      - keep-alive
      Content-Length:
      - '125'
      Content-MD5:
      - GD5pABqdSyI51XhMKrkBRA==
      Content-Type:
      - application/xml; charset=utf-8
      User-Agent:
      - python/3.6.5 (Darwin-16.7.0-x86_64-i386-64bit) azure-core/0.0.1
      x-ms-client-request-id:
      - aa4c42c8-8eca-11e9-8bc4-f45c89a7d159
      x-ms-date:
      - Fri, 14 Jun 2019 17:34:30 GMT
      x-ms-version:
      - '2018-03-28'
    method: PUT
    uri: https://remotestoragename.blob.core.windows.net/utcontainer945f11d4/blob945f11d4?comp=blocklist
  response:
    body:
      string: ''
    headers:
      Content-Length:
      - '0'
      Content-MD5:
      - GD5pABqdSyI51XhMKrkBRA==
      Date:
      - Fri, 14 Jun 2019 17:34:31 GMT
      ETag:
      - '"0x8D6F0EE8EFA7256"'
      Last-Modified:
      - Fri, 14 Jun 2019 17:34:31 GMT
      Server:
      - Windows-Azure-Blob/1.0 Microsoft-HTTPAPI/2.0
      x-ms-request-id:
      - 242b2b92-801e-0010-60d7-2252e6000000
      x-ms-request-server-encrypted:
      - 'true'
      x-ms-version:
      - '2018-03-28'
    status:
      code: 201
      message: Created
- request:
    body: AAA
    headers:
      Accept:
      - '*/*'
      Accept-Encoding:
      - gzip, deflate
      Connection:
      - keep-alive
      Content-Length:
      - '3'
      Content-Type:
      - application/octet-stream
      User-Agent:
      - python/3.6.5 (Darwin-16.7.0-x86_64-i386-64bit) azure-core/0.0.1
      x-ms-client-request-id:
      - 6abd47ac-8ed3-11e9-a8f9-f45c89a7d159
      x-ms-date:
      - Fri, 14 Jun 2019 18:37:09 GMT
      x-ms-version:
      - '2018-03-28'
    method: PUT
    uri: https://storagename.blob.core.windows.net/utcontainer945f11d4/blob945f11d4?blockid=MQ%3D%3D&comp=block
  response:
    body:
      string: ''
    headers:
      Content-Length:
      - '0'
      Content-MD5:
      - 4fr/s+YU5sL7p0KWliOGtw==
      Date:
      - Fri, 14 Jun 2019 18:37:08 GMT
      Server:
      - Windows-Azure-Blob/1.0 Microsoft-HTTPAPI/2.0
      x-ms-request-id:
      - eef93614-401e-00c1-12e0-22efb9000000
      x-ms-request-server-encrypted:
      - 'true'
      x-ms-version:
      - '2018-03-28'
    status:
      code: 201
      message: Created
- request:
    body: BBB
    headers:
      Accept:
      - '*/*'
      Accept-Encoding:
      - gzip, deflate
      Connection:
      - keep-alive
      Content-Length:
      - '3'
      Content-Type:
      - application/octet-stream
      User-Agent:
      - python/3.6.5 (Darwin-16.7.0-x86_64-i386-64bit) azure-core/0.0.1
      x-ms-client-request-id:
      - 6adb7b78-8ed3-11e9-af48-f45c89a7d159
      x-ms-date:
      - Fri, 14 Jun 2019 18:37:09 GMT
      x-ms-version:
      - '2018-03-28'
    method: PUT
    uri: https://storagename.blob.core.windows.net/utcontainer945f11d4/blob945f11d4?blockid=Mg%3D%3D&comp=block
  response:
    body:
      string: ''
    headers:
      Content-Length:
      - '0'
      Content-MD5:
      - K7Il8LqaWJMHV6ho7VfZow==
      Date:
      - Fri, 14 Jun 2019 18:37:08 GMT
      Server:
      - Windows-Azure-Blob/1.0 Microsoft-HTTPAPI/2.0
      x-ms-request-id:
      - eef9362d-401e-00c1-24e0-22efb9000000
      x-ms-request-server-encrypted:
      - 'true'
      x-ms-version:
      - '2018-03-28'
    status:
      code: 201
      message: Created
- request:
    body: CCC
    headers:
      Accept:
      - '*/*'
      Accept-Encoding:
      - gzip, deflate
      Connection:
      - keep-alive
      Content-Length:
      - '3'
      Content-Type:
      - application/octet-stream
      User-Agent:
      - python/3.6.5 (Darwin-16.7.0-x86_64-i386-64bit) azure-core/0.0.1
      x-ms-client-request-id:
      - 6ae4467a-8ed3-11e9-a00d-f45c89a7d159
      x-ms-date:
      - Fri, 14 Jun 2019 18:37:09 GMT
      x-ms-version:
      - '2018-03-28'
    method: PUT
    uri: https://storagename.blob.core.windows.net/utcontainer945f11d4/blob945f11d4?blockid=Mw%3D%3D&comp=block
  response:
    body:
      string: ''
    headers:
      Content-Length:
      - '0'
      Content-MD5:
      - 3vuZ5pqfH24G8VAGsfFmrg==
      Date:
      - Fri, 14 Jun 2019 18:37:08 GMT
      Server:
      - Windows-Azure-Blob/1.0 Microsoft-HTTPAPI/2.0
      x-ms-request-id:
      - eef9363c-401e-00c1-32e0-22efb9000000
      x-ms-request-server-encrypted:
      - 'true'
      x-ms-version:
      - '2018-03-28'
    status:
      code: 201
      message: Created
- request:
    body: '<?xml version=''1.0'' encoding=''utf-8''?>

      <BlockList><Latest>MQ==</Latest><Latest>Mg==</Latest><Latest>Mw==</Latest></BlockList>'
    headers:
      Accept:
      - '*/*'
      Accept-Encoding:
      - gzip, deflate
      Connection:
      - keep-alive
      Content-Length:
      - '125'
      Content-MD5:
      - GD5pABqdSyI51XhMKrkBRA==
      Content-Type:
      - application/xml; charset=utf-8
      User-Agent:
      - python/3.6.5 (Darwin-16.7.0-x86_64-i386-64bit) azure-core/0.0.1
      x-ms-client-request-id:
      - 6aeca402-8ed3-11e9-a1e4-f45c89a7d159
      x-ms-date:
      - Fri, 14 Jun 2019 18:37:09 GMT
      x-ms-version:
      - '2018-03-28'
    method: PUT
    uri: https://storagename.blob.core.windows.net/utcontainer945f11d4/blob945f11d4?comp=blocklist
  response:
    body:
      string: ''
    headers:
      Content-Length:
      - '0'
      Content-MD5:
      - GD5pABqdSyI51XhMKrkBRA==
      Date:
      - Fri, 14 Jun 2019 18:37:08 GMT
      ETag:
      - '"0x8D6F0F74F25ACAB"'
      Last-Modified:
      - Fri, 14 Jun 2019 18:37:09 GMT
      Server:
      - Windows-Azure-Blob/1.0 Microsoft-HTTPAPI/2.0
      x-ms-request-id:
      - eef9364d-401e-00c1-43e0-22efb9000000
      x-ms-request-server-encrypted:
      - 'true'
      x-ms-version:
      - '2018-03-28'
    status:
      code: 201
      message: Created
- request:
    body: AAA
    headers:
      Accept:
      - '*/*'
      Accept-Encoding:
      - gzip, deflate
      Connection:
      - keep-alive
      Content-Length:
      - '3'
      Content-Type:
      - application/octet-stream
      User-Agent:
      - azsdk-python-storage-blob/12.0.0b2 Python/3.7.3 (Windows-10-10.0.17763-SP0)
      x-ms-client-request-id:
      - 90466624-c531-11e9-91a4-2816a845e8c6
      x-ms-date:
      - Thu, 22 Aug 2019 23:07:07 GMT
      x-ms-version:
      - '2019-02-02'
    method: PUT
    uri: https://blobstoragename.blob.core.windows.net/utcontainer945f11d4/blob945f11d4?blockid=MQ%3D%3D&comp=block
  response:
    body:
      string: ''
    headers:
      Content-Length:
      - '0'
      Date:
      - Thu, 22 Aug 2019 23:07:07 GMT
      Server:
      - Windows-Azure-Blob/1.0 Microsoft-HTTPAPI/2.0
      x-ms-client-request-id:
      - 90466624-c531-11e9-91a4-2816a845e8c6
      x-ms-content-crc64:
      - Cc/2Kr4DuKg=
      x-ms-request-id:
      - 9b76aeaf-201e-007b-3d3e-590fb0000000
      x-ms-request-server-encrypted:
      - 'true'
      x-ms-version:
      - '2019-02-02'
    status:
      code: 201
      message: Created
- request:
    body: BBB
    headers:
      Accept:
      - '*/*'
      Accept-Encoding:
      - gzip, deflate
      Connection:
      - keep-alive
      Content-Length:
      - '3'
      Content-Type:
      - application/octet-stream
      User-Agent:
      - azsdk-python-storage-blob/12.0.0b2 Python/3.7.3 (Windows-10-10.0.17763-SP0)
      x-ms-client-request-id:
      - 90734bee-c531-11e9-874a-2816a845e8c6
      x-ms-date:
      - Thu, 22 Aug 2019 23:07:07 GMT
      x-ms-version:
      - '2019-02-02'
    method: PUT
    uri: https://blobstoragename.blob.core.windows.net/utcontainer945f11d4/blob945f11d4?blockid=Mg%3D%3D&comp=block
  response:
    body:
      string: ''
    headers:
      Content-Length:
      - '0'
      Date:
      - Thu, 22 Aug 2019 23:07:07 GMT
      Server:
      - Windows-Azure-Blob/1.0 Microsoft-HTTPAPI/2.0
      x-ms-client-request-id:
      - 90734bee-c531-11e9-874a-2816a845e8c6
      x-ms-content-crc64:
      - +3yuPEA7IqE=
      x-ms-request-id:
      - 9b76aede-201e-007b-683e-590fb0000000
      x-ms-request-server-encrypted:
      - 'true'
      x-ms-version:
      - '2019-02-02'
    status:
      code: 201
      message: Created
- request:
    body: CCC
    headers:
      Accept:
      - '*/*'
      Accept-Encoding:
      - gzip, deflate
      Connection:
      - keep-alive
      Content-Length:
      - '3'
      Content-Type:
      - application/octet-stream
      User-Agent:
      - azsdk-python-storage-blob/12.0.0b2 Python/3.7.3 (Windows-10-10.0.17763-SP0)
      x-ms-client-request-id:
      - 907f2aa2-c531-11e9-a654-2816a845e8c6
      x-ms-date:
      - Thu, 22 Aug 2019 23:07:07 GMT
      x-ms-version:
      - '2019-02-02'
    method: PUT
    uri: https://blobstoragename.blob.core.windows.net/utcontainer945f11d4/blob945f11d4?blockid=Mw%3D%3D&comp=block
  response:
    body:
      string: ''
    headers:
      Content-Length:
      - '0'
      Date:
      - Thu, 22 Aug 2019 23:07:07 GMT
      Server:
      - Windows-Azure-Blob/1.0 Microsoft-HTTPAPI/2.0
      x-ms-client-request-id:
      - 907f2aa2-c531-11e9-a654-2816a845e8c6
      x-ms-content-crc64:
      - VRJmMeosVKY=
      x-ms-request-id:
      - 9b76af04-201e-007b-0d3e-590fb0000000
      x-ms-request-server-encrypted:
      - 'true'
      x-ms-version:
      - '2019-02-02'
    status:
      code: 201
      message: Created
- request:
    body: '<?xml version=''1.0'' encoding=''utf-8''?>

      <BlockList><Latest>MQ==</Latest><Latest>Mg==</Latest><Latest>Mw==</Latest></BlockList>'
    headers:
      Accept:
      - '*/*'
      Accept-Encoding:
      - gzip, deflate
      Connection:
      - keep-alive
      Content-Length:
      - '125'
      Content-MD5:
      - GD5pABqdSyI51XhMKrkBRA==
      Content-Type:
      - application/xml; charset=utf-8
      User-Agent:
      - azsdk-python-storage-blob/12.0.0b2 Python/3.7.3 (Windows-10-10.0.17763-SP0)
      x-ms-client-request-id:
      - 908ae270-c531-11e9-a66b-2816a845e8c6
      x-ms-date:
      - Thu, 22 Aug 2019 23:07:08 GMT
      x-ms-version:
      - '2019-02-02'
    method: PUT
    uri: https://blobstoragename.blob.core.windows.net/utcontainer945f11d4/blob945f11d4?comp=blocklist
  response:
    body:
      string: ''
    headers:
      Content-Length:
      - '0'
      Date:
      - Thu, 22 Aug 2019 23:07:07 GMT
      ETag:
      - '"0x8D7275574BDE5BF"'
      Last-Modified:
      - Thu, 22 Aug 2019 23:07:08 GMT
      Server:
      - Windows-Azure-Blob/1.0 Microsoft-HTTPAPI/2.0
      x-ms-client-request-id:
      - 908ae270-c531-11e9-a66b-2816a845e8c6
      x-ms-content-crc64:
      - dAoQ5rLgKr0=
      x-ms-request-id:
      - 9b76af2b-201e-007b-313e-590fb0000000
      x-ms-request-server-encrypted:
      - 'true'
      x-ms-version:
      - '2019-02-02'
    status:
      code: 201
      message: Created
version: 1
