interactions:
- request:
    body: null
    headers:
      User-Agent:
      - azsdk-python-storage-blob/12.0.0b1 Python/3.7.3 (Windows-10-10.0.18362-SP0)
      content-type:
      - application/xml; charset=utf-8
      x-ms-client-request-id:
      - ad2d7fca-b4d1-11e9-91eb-b831b58100e8
      x-ms-date:
      - Fri, 02 Aug 2019 03:00:25 GMT
      x-ms-version:
      - '2018-03-28'
    method: PUT
    uri: https://storagename.blob.core.windows.net/utcontainerecd71fd3?restype=container
  response:
    body:
      string: ''
    headers:
      ? !!python/object/new:multidict._istr.istr
      - Content-Length
      : '0'
      ? !!python/object/new:multidict._istr.istr
      - Date
      : Fri, 02 Aug 2019 03:00:25 GMT
      ? !!python/object/new:multidict._istr.istr
      - Etag
      : '"0x8D716F591709DD6"'
      ? !!python/object/new:multidict._istr.istr
      - Last-Modified
      : Fri, 02 Aug 2019 03:00:25 GMT
      ? !!python/object/new:multidict._istr.istr
      - Server
      : Windows-Azure-Blob/1.0 Microsoft-HTTPAPI/2.0
      x-ms-request-id: e8ce7375-701e-002c-04de-48e63d000000
      x-ms-version: '2018-03-28'
    status:
      code: 201
      message: Created
    url: !!python/object/new:yarl.URL
      state: !!python/tuple
      - !!python/object/new:urllib.parse.SplitResult
        - https
        - amqptest.blob.core.windows.net
        - /utcontainerecd71fd3
        - restype=container
        - ''
- request:
    body: null
    headers:
      Content-Length:
      - '0'
      User-Agent:
      - azsdk-python-storage-blob/12.0.0b1 Python/3.7.3 (Windows-10-10.0.18362-SP0)
      content-type:
      - application/xml; charset=utf-8
      x-ms-blob-content-length:
      - '1024'
      x-ms-blob-type:
      - PageBlob
      x-ms-client-request-id:
      - ad56b26e-b4d1-11e9-92eb-b831b58100e8
      x-ms-date:
      - Fri, 02 Aug 2019 03:00:26 GMT
      x-ms-version:
      - '2018-03-28'
    method: PUT
    uri: https://storagename.blob.core.windows.net/utcontainerecd71fd3/blob1
  response:
    body:
      string: ''
    headers:
      ? !!python/object/new:multidict._istr.istr
      - Content-Length
      : '0'
      ? !!python/object/new:multidict._istr.istr
      - Date
      : Fri, 02 Aug 2019 03:00:25 GMT
      ? !!python/object/new:multidict._istr.istr
      - Etag
      : '"0x8D716F5918AE25D"'
      ? !!python/object/new:multidict._istr.istr
      - Last-Modified
      : Fri, 02 Aug 2019 03:00:26 GMT
      ? !!python/object/new:multidict._istr.istr
      - Server
      : Windows-Azure-Blob/1.0 Microsoft-HTTPAPI/2.0
      x-ms-request-id: e8ce73f5-701e-002c-77de-48e63d000000
      x-ms-request-server-encrypted: 'true'
      x-ms-version: '2018-03-28'
    status:
      code: 201
      message: Created
    url: !!python/object/new:yarl.URL
      state: !!python/tuple
      - !!python/object/new:urllib.parse.SplitResult
        - https
        - amqptest.blob.core.windows.net
        - /utcontainerecd71fd3/blob1
        - ''
        - ''
- request:
    body: abcdefghijklmnopabcdefghijklmnopabcdefghijklmnopabcdefghijklmnopabcdefghijklmnopabcdefghijklmnopabcdefghijklmnopabcdefghijklmnopabcdefghijklmnopabcdefghijklmnopabcdefghijklmnopabcdefghijklmnopabcdefghijklmnopabcdefghijklmnopabcdefghijklmnopabcdefghijklmnopabcdefghijklmnopabcdefghijklmnopabcdefghijklmnopabcdefghijklmnopabcdefghijklmnopabcdefghijklmnopabcdefghijklmnopabcdefghijklmnopabcdefghijklmnopabcdefghijklmnopabcdefghijklmnopabcdefghijklmnopabcdefghijklmnopabcdefghijklmnopabcdefghijklmnopabcdefghijklmnop
    headers:
      Content-Length:
      - '512'
      Content-Type:
      - application/octet-stream
      If-Modified-Since:
      - Fri, 02 Aug 2019 03:15:26 GMT
      User-Agent:
      - azsdk-python-storage-blob/12.0.0b1 Python/3.7.3 (Windows-10-10.0.18362-SP0)
      x-ms-client-request-id:
      - ad5fb30c-b4d1-11e9-bfa0-b831b58100e8
      x-ms-date:
      - Fri, 02 Aug 2019 03:00:26 GMT
      x-ms-page-write:
      - update
      x-ms-range:
      - bytes=0-511
      x-ms-version:
      - '2018-03-28'
    method: PUT
    uri: https://storagename.blob.core.windows.net/utcontainerecd71fd3/blob1?comp=page
  response:
    body:
      string: "\uFEFF<?xml version=\"1.0\" encoding=\"utf-8\"?><Error><Code>ConditionNotMet</Code><Message>The
        condition specified using HTTP conditional header(s) is not met.\nRequestId:e8ce7421-701e-002c-20de-48e63d000000\nTime:2019-08-02T03:00:26.1601716Z</Message></Error>"
    headers:
      ? !!python/object/new:multidict._istr.istr
      - Content-Length
      : '252'
      ? !!python/object/new:multidict._istr.istr
      - Content-Type
      : application/xml
      ? !!python/object/new:multidict._istr.istr
      - Date
      : Fri, 02 Aug 2019 03:00:25 GMT
      ? !!python/object/new:multidict._istr.istr
      - Server
      : Windows-Azure-Blob/1.0 Microsoft-HTTPAPI/2.0
      x-ms-error-code: ConditionNotMet
      x-ms-request-id: e8ce7421-701e-002c-20de-48e63d000000
      x-ms-version: '2018-03-28'
    status:
      code: 412
      message: The condition specified using HTTP conditional header(s) is not met.
    url: !!python/object/new:yarl.URL
      state: !!python/tuple
      - !!python/object/new:urllib.parse.SplitResult
        - https
        - amqptest.blob.core.windows.net
        - /utcontainerecd71fd3/blob1
        - comp=page
        - ''
- request:
    body: null
    headers:
      User-Agent:
      - azsdk-python-storage-blob/12.0.0b2 Python/3.7.3 (Windows-10-10.0.17763-SP0)
      content-type:
      - application/xml; charset=utf-8
      x-ms-client-request-id:
      - 47bee9ac-c531-11e9-a24f-2816a845e8c6
      x-ms-date:
      - Thu, 22 Aug 2019 23:05:05 GMT
      x-ms-version:
      - '2019-02-02'
    method: PUT
    uri: https://blobstoragename.blob.core.windows.net/utcontainerecd71fd3?restype=container
  response:
    body:
      string: ''
    headers:
      ? !!python/object/new:multidict._istr.istr
      - Content-Length
      : '0'
      ? !!python/object/new:multidict._istr.istr
      - Date
      : Thu, 22 Aug 2019 23:05:05 GMT
      ? !!python/object/new:multidict._istr.istr
      - Etag
      : '"0x8D727552BFB9C0B"'
      ? !!python/object/new:multidict._istr.istr
      - Last-Modified
      : Thu, 22 Aug 2019 23:05:05 GMT
      ? !!python/object/new:multidict._istr.istr
      - Server
      : Windows-Azure-Blob/1.0 Microsoft-HTTPAPI/2.0
      x-ms-client-request-id: 47bee9ac-c531-11e9-a24f-2816a845e8c6
      x-ms-request-id: 8f72e85e-001e-004e-1e3e-59a1e5000000
      x-ms-version: '2019-02-02'
    status:
      code: 201
      message: Created
    url: !!python/object/new:yarl.URL
      state: !!python/tuple
      - !!python/object/new:urllib.parse.SplitResult
        - https
        - amqptest.blob.core.windows.net
        - /utcontainerecd71fd3
        - restype=container
        - ''
- request:
    body: null
    headers:
      Content-Length:
      - '0'
      User-Agent:
      - azsdk-python-storage-blob/12.0.0b2 Python/3.7.3 (Windows-10-10.0.17763-SP0)
      content-type:
      - application/xml; charset=utf-8
      x-ms-blob-content-length:
      - '1024'
      x-ms-blob-type:
      - PageBlob
      x-ms-client-request-id:
      - 47d790e4-c531-11e9-87ab-2816a845e8c6
      x-ms-date:
      - Thu, 22 Aug 2019 23:05:06 GMT
      x-ms-version:
      - '2019-02-02'
    method: PUT
    uri: https://blobstoragename.blob.core.windows.net/utcontainerecd71fd3/blob1
  response:
    body:
      string: ''
    headers:
      ? !!python/object/new:multidict._istr.istr
      - Content-Length
      : '0'
      ? !!python/object/new:multidict._istr.istr
      - Date
      : Thu, 22 Aug 2019 23:05:05 GMT
      ? !!python/object/new:multidict._istr.istr
      - Etag
      : '"0x8D727552C045914"'
      ? !!python/object/new:multidict._istr.istr
      - Last-Modified
      : Thu, 22 Aug 2019 23:05:06 GMT
      ? !!python/object/new:multidict._istr.istr
      - Server
      : Windows-Azure-Blob/1.0 Microsoft-HTTPAPI/2.0
      x-ms-client-request-id: 47d790e4-c531-11e9-87ab-2816a845e8c6
      x-ms-request-id: 8f72e880-001e-004e-3c3e-59a1e5000000
      x-ms-request-server-encrypted: 'true'
      x-ms-version: '2019-02-02'
    status:
      code: 201
      message: Created
    url: !!python/object/new:yarl.URL
      state: !!python/tuple
      - !!python/object/new:urllib.parse.SplitResult
        - https
        - amqptest.blob.core.windows.net
        - /utcontainerecd71fd3/blob1
        - ''
        - ''
- request:
    body: abcdefghijklmnopabcdefghijklmnopabcdefghijklmnopabcdefghijklmnopabcdefghijklmnopabcdefghijklmnopabcdefghijklmnopabcdefghijklmnopabcdefghijklmnopabcdefghijklmnopabcdefghijklmnopabcdefghijklmnopabcdefghijklmnopabcdefghijklmnopabcdefghijklmnopabcdefghijklmnopabcdefghijklmnopabcdefghijklmnopabcdefghijklmnopabcdefghijklmnopabcdefghijklmnopabcdefghijklmnopabcdefghijklmnopabcdefghijklmnopabcdefghijklmnopabcdefghijklmnopabcdefghijklmnopabcdefghijklmnopabcdefghijklmnopabcdefghijklmnopabcdefghijklmnopabcdefghijklmnop
    headers:
      Content-Length:
      - '512'
      Content-Type:
      - application/octet-stream
      If-Modified-Since:
      - Thu, 22 Aug 2019 23:20:06 GMT
      User-Agent:
      - azsdk-python-storage-blob/12.0.0b2 Python/3.7.3 (Windows-10-10.0.17763-SP0)
      x-ms-client-request-id:
      - 47dfef9c-c531-11e9-bbe2-2816a845e8c6
      x-ms-date:
      - Thu, 22 Aug 2019 23:05:06 GMT
      x-ms-page-write:
      - update
      x-ms-range:
      - bytes=0-511
      x-ms-version:
      - '2019-02-02'
    method: PUT
    uri: https://blobstoragename.blob.core.windows.net/utcontainerecd71fd3/blob1?comp=page
  response:
    body:
      string: "\uFEFF<?xml version=\"1.0\" encoding=\"utf-8\"?><Error><Code>ConditionNotMet</Code><Message>The
        condition specified using HTTP conditional header(s) is not met.\nRequestId:8f72e899-001e-004e-543e-59a1e5000000\nTime:2019-08-22T23:05:06.0948513Z</Message></Error>"
    headers:
      ? !!python/object/new:multidict._istr.istr
      - Content-Length
      : '252'
      ? !!python/object/new:multidict._istr.istr
      - Content-Type
      : application/xml
      ? !!python/object/new:multidict._istr.istr
      - Date
      : Thu, 22 Aug 2019 23:05:05 GMT
      ? !!python/object/new:multidict._istr.istr
      - Server
      : Windows-Azure-Blob/1.0 Microsoft-HTTPAPI/2.0
      x-ms-client-request-id: 47dfef9c-c531-11e9-bbe2-2816a845e8c6
      x-ms-error-code: ConditionNotMet
      x-ms-request-id: 8f72e899-001e-004e-543e-59a1e5000000
      x-ms-version: '2019-02-02'
    status:
      code: 412
      message: The condition specified using HTTP conditional header(s) is not met.
    url: !!python/object/new:yarl.URL
      state: !!python/tuple
      - !!python/object/new:urllib.parse.SplitResult
        - https
        - amqptest.blob.core.windows.net
        - /utcontainerecd71fd3/blob1
        - comp=page
        - ''
version: 1
