interactions:
- request:
    body: null
    headers:
      Accept:
      - '*/*'
      Accept-Encoding:
      - gzip, deflate
      Connection:
      - keep-alive
      Content-Length:
      - '0'
      User-Agent:
      - python/3.6.5 (Darwin-16.7.0-x86_64-i386-64bit) azure-core/0.0.1
      x-ms-client-request-id:
      - 8cdee128-8eca-11e9-a2de-f45c89a7d159
      x-ms-date:
      - Fri, 14 Jun 2019 17:33:40 GMT
      x-ms-version:
      - '2018-03-28'
    method: PUT
    uri: https://remotestoragename.blob.core.windows.net/utcontainerbbe117aa?restype=container
  response:
    body:
      string: ''
    headers:
      Content-Length:
      - '0'
      Date:
      - Fri, 14 Jun 2019 17:33:41 GMT
      ETag:
      - '"0x8D6F0EE71A3DA10"'
      Last-Modified:
      - Fri, 14 Jun 2019 17:33:41 GMT
      Server:
      - Windows-Azure-Blob/1.0 Microsoft-HTTPAPI/2.0
      x-ms-request-id:
      - d258a9d3-b01e-009b-48d7-22e938000000
      x-ms-version:
      - '2018-03-28'
    status:
      code: 201
      message: Created
- request:
    body: null
    headers:
      Accept:
      - '*/*'
      Accept-Encoding:
      - gzip, deflate
      Connection:
      - keep-alive
      Content-Length:
      - '0'
      User-Agent:
      - python/3.6.5 (Darwin-16.7.0-x86_64-i386-64bit) azure-core/0.0.1
      x-ms-blob-content-length:
      - '1024'
      x-ms-blob-type:
      - PageBlob
      x-ms-client-request-id:
      - 8cfef706-8eca-11e9-82a7-f45c89a7d159
      x-ms-date:
      - Fri, 14 Jun 2019 17:33:41 GMT
      x-ms-version:
      - '2018-03-28'
    method: PUT
    uri: https://remotestoragename.blob.core.windows.net/utcontainerbbe117aa/blob1
  response:
    body:
      string: ''
    headers:
      Content-Length:
      - '0'
      Date:
      - Fri, 14 Jun 2019 17:33:41 GMT
      ETag:
      - '"0x8D6F0EE71AD1F68"'
      Last-Modified:
      - Fri, 14 Jun 2019 17:33:41 GMT
      Server:
      - Windows-Azure-Blob/1.0 Microsoft-HTTPAPI/2.0
      x-ms-request-id:
      - d258a9e7-b01e-009b-57d7-22e938000000
      x-ms-request-server-encrypted:
      - 'true'
      x-ms-version:
      - '2018-03-28'
    status:
      code: 201
      message: Created
- request:
    body: null
    headers:
      Accept:
      - '*/*'
      Accept-Encoding:
      - gzip, deflate
      Connection:
      - keep-alive
      User-Agent:
      - python/3.6.5 (Darwin-16.7.0-x86_64-i386-64bit) azure-core/0.0.1
      x-ms-client-request-id:
      - 8d08790c-8eca-11e9-92a7-f45c89a7d159
      x-ms-date:
      - Fri, 14 Jun 2019 17:33:41 GMT
      x-ms-version:
      - '2018-03-28'
    method: HEAD
    uri: https://remotestoragename.blob.core.windows.net/utcontainerbbe117aa/blob1
  response:
    body:
      string: ''
    headers:
      Accept-Ranges:
      - bytes
      Content-Length:
      - '1024'
      Content-Type:
      - application/octet-stream
      Date:
      - Fri, 14 Jun 2019 17:33:41 GMT
      ETag:
      - '"0x8D6F0EE71AD1F68"'
      Last-Modified:
      - Fri, 14 Jun 2019 17:33:41 GMT
      Server:
      - Windows-Azure-Blob/1.0 Microsoft-HTTPAPI/2.0
      Vary:
      - Origin
      x-ms-access-tier:
      - Hot
      x-ms-access-tier-inferred:
      - 'true'
      x-ms-blob-sequence-number:
      - '0'
      x-ms-blob-type:
      - PageBlob
      x-ms-creation-time:
      - Fri, 14 Jun 2019 17:33:41 GMT
      x-ms-lease-state:
      - available
      x-ms-lease-status:
      - unlocked
      x-ms-request-id:
      - d258a9fe-b01e-009b-6bd7-22e938000000
      x-ms-server-encrypted:
      - 'true'
      x-ms-version:
      - '2018-03-28'
    status:
      code: 200
      message: OK
- request:
    body: abcdefghijklmnopabcdefghijklmnopabcdefghijklmnopabcdefghijklmnopabcdefghijklmnopabcdefghijklmnopabcdefghijklmnopabcdefghijklmnopabcdefghijklmnopabcdefghijklmnopabcdefghijklmnopabcdefghijklmnopabcdefghijklmnopabcdefghijklmnopabcdefghijklmnopabcdefghijklmnopabcdefghijklmnopabcdefghijklmnopabcdefghijklmnopabcdefghijklmnopabcdefghijklmnopabcdefghijklmnopabcdefghijklmnopabcdefghijklmnopabcdefghijklmnopabcdefghijklmnopabcdefghijklmnopabcdefghijklmnopabcdefghijklmnopabcdefghijklmnopabcdefghijklmnopabcdefghijklmnop
    headers:
      Accept:
      - '*/*'
      Accept-Encoding:
      - gzip, deflate
      Connection:
      - keep-alive
      Content-Length:
      - '512'
      Content-Type:
      - application/octet-stream
      If-Match:
      - '"0x8D6F0EE71AD1F68"'
      User-Agent:
      - python/3.6.5 (Darwin-16.7.0-x86_64-i386-64bit) azure-core/0.0.1
      x-ms-client-request-id:
      - 8d10f438-8eca-11e9-a15c-f45c89a7d159
      x-ms-date:
      - Fri, 14 Jun 2019 17:33:41 GMT
      x-ms-page-write:
      - update
      x-ms-range:
      - bytes=0-511
      x-ms-version:
      - '2018-03-28'
    method: PUT
    uri: https://remotestoragename.blob.core.windows.net/utcontainerbbe117aa/blob1?comp=page
  response:
    body:
      string: ''
    headers:
      Content-Length:
      - '0'
      Content-MD5:
      - pTsTLZHyQ+et6NksJ1OHxg==
      Date:
      - Fri, 14 Jun 2019 17:33:41 GMT
      ETag:
      - '"0x8D6F0EE71BF2412"'
      Last-Modified:
      - Fri, 14 Jun 2019 17:33:42 GMT
      Server:
      - Windows-Azure-Blob/1.0 Microsoft-HTTPAPI/2.0
      x-ms-blob-sequence-number:
      - '0'
      x-ms-request-id:
      - d258aa35-b01e-009b-21d7-22e938000000
      x-ms-request-server-encrypted:
      - 'true'
      x-ms-version:
      - '2018-03-28'
    status:
      code: 201
      message: Created
- request:
    body: null
    headers:
      Accept:
      - '*/*'
      Accept-Encoding:
      - gzip, deflate
      Connection:
      - keep-alive
      Content-Length:
      - '0'
      User-Agent:
      - python/3.6.5 (Darwin-16.7.0-x86_64-i386-64bit) azure-core/0.0.1
      x-ms-client-request-id:
      - 4778acc8-8ed3-11e9-886e-f45c89a7d159
      x-ms-date:
      - Fri, 14 Jun 2019 18:36:09 GMT
      x-ms-version:
      - '2018-03-28'
    method: PUT
    uri: https://storagename.blob.core.windows.net/utcontainerbbe117aa?restype=container
  response:
    body:
      string: ''
    headers:
      Content-Length:
      - '0'
      Date:
      - Fri, 14 Jun 2019 18:36:09 GMT
      ETag:
      - '"0x8D6F0F72BC95299"'
      Last-Modified:
      - Fri, 14 Jun 2019 18:36:10 GMT
      Server:
      - Windows-Azure-Blob/1.0 Microsoft-HTTPAPI/2.0
      x-ms-request-id:
      - 05983488-101e-005a-1de0-226281000000
      x-ms-version:
      - '2018-03-28'
    status:
      code: 201
      message: Created
- request:
    body: null
    headers:
      Accept:
      - '*/*'
      Accept-Encoding:
      - gzip, deflate
      Connection:
      - keep-alive
      Content-Length:
      - '0'
      User-Agent:
      - python/3.6.5 (Darwin-16.7.0-x86_64-i386-64bit) azure-core/0.0.1
      x-ms-blob-content-length:
      - '1024'
      x-ms-blob-type:
      - PageBlob
      x-ms-client-request-id:
      - 4799b9c2-8ed3-11e9-bf9c-f45c89a7d159
      x-ms-date:
      - Fri, 14 Jun 2019 18:36:10 GMT
      x-ms-version:
      - '2018-03-28'
    method: PUT
    uri: https://storagename.blob.core.windows.net/utcontainerbbe117aa/blob1
  response:
    body:
      string: ''
    headers:
      Content-Length:
      - '0'
      Date:
      - Fri, 14 Jun 2019 18:36:09 GMT
      ETag:
      - '"0x8D6F0F72BD3323B"'
      Last-Modified:
      - Fri, 14 Jun 2019 18:36:10 GMT
      Server:
      - Windows-Azure-Blob/1.0 Microsoft-HTTPAPI/2.0
      x-ms-request-id:
      - 059834a4-101e-005a-32e0-226281000000
      x-ms-request-server-encrypted:
      - 'true'
      x-ms-version:
      - '2018-03-28'
    status:
      code: 201
      message: Created
- request:
    body: null
    headers:
      Accept:
      - '*/*'
      Accept-Encoding:
      - gzip, deflate
      Connection:
      - keep-alive
      User-Agent:
      - python/3.6.5 (Darwin-16.7.0-x86_64-i386-64bit) azure-core/0.0.1
      x-ms-client-request-id:
      - 47a3e598-8ed3-11e9-9e88-f45c89a7d159
      x-ms-date:
      - Fri, 14 Jun 2019 18:36:10 GMT
      x-ms-version:
      - '2018-03-28'
    method: HEAD
    uri: https://storagename.blob.core.windows.net/utcontainerbbe117aa/blob1
  response:
    body:
      string: ''
    headers:
      Accept-Ranges:
      - bytes
      Content-Length:
      - '1024'
      Content-Type:
      - application/octet-stream
      Date:
      - Fri, 14 Jun 2019 18:36:09 GMT
      ETag:
      - '"0x8D6F0F72BD3323B"'
      Last-Modified:
      - Fri, 14 Jun 2019 18:36:10 GMT
      Server:
      - Windows-Azure-Blob/1.0 Microsoft-HTTPAPI/2.0
      Vary:
      - Origin
      x-ms-access-tier:
      - Hot
      x-ms-access-tier-inferred:
      - 'true'
      x-ms-blob-sequence-number:
      - '0'
      x-ms-blob-type:
      - PageBlob
      x-ms-creation-time:
      - Fri, 14 Jun 2019 18:36:10 GMT
      x-ms-lease-state:
      - available
      x-ms-lease-status:
      - unlocked
      x-ms-request-id:
      - 059834c0-101e-005a-4de0-226281000000
      x-ms-server-encrypted:
      - 'true'
      x-ms-version:
      - '2018-03-28'
    status:
      code: 200
      message: OK
- request:
    body: abcdefghijklmnopabcdefghijklmnopabcdefghijklmnopabcdefghijklmnopabcdefghijklmnopabcdefghijklmnopabcdefghijklmnopabcdefghijklmnopabcdefghijklmnopabcdefghijklmnopabcdefghijklmnopabcdefghijklmnopabcdefghijklmnopabcdefghijklmnopabcdefghijklmnopabcdefghijklmnopabcdefghijklmnopabcdefghijklmnopabcdefghijklmnopabcdefghijklmnopabcdefghijklmnopabcdefghijklmnopabcdefghijklmnopabcdefghijklmnopabcdefghijklmnopabcdefghijklmnopabcdefghijklmnopabcdefghijklmnopabcdefghijklmnopabcdefghijklmnopabcdefghijklmnopabcdefghijklmnop
    headers:
      Accept:
      - '*/*'
      Accept-Encoding:
      - gzip, deflate
      Connection:
      - keep-alive
      Content-Length:
      - '512'
      Content-Type:
      - application/octet-stream
      If-Match:
      - '"0x8D6F0F72BD3323B"'
      User-Agent:
      - python/3.6.5 (Darwin-16.7.0-x86_64-i386-64bit) azure-core/0.0.1
      x-ms-client-request-id:
      - 47acf73a-8ed3-11e9-9021-f45c89a7d159
      x-ms-date:
      - Fri, 14 Jun 2019 18:36:10 GMT
      x-ms-page-write:
      - update
      x-ms-range:
      - bytes=0-511
      x-ms-version:
      - '2018-03-28'
    method: PUT
    uri: https://storagename.blob.core.windows.net/utcontainerbbe117aa/blob1?comp=page
  response:
    body:
      string: ''
    headers:
      Content-Length:
      - '0'
      Content-MD5:
      - pTsTLZHyQ+et6NksJ1OHxg==
      Date:
      - Fri, 14 Jun 2019 18:36:09 GMT
      ETag:
      - '"0x8D6F0F72BE64879"'
      Last-Modified:
      - Fri, 14 Jun 2019 18:36:10 GMT
      Server:
      - Windows-Azure-Blob/1.0 Microsoft-HTTPAPI/2.0
      x-ms-blob-sequence-number:
      - '0'
      x-ms-request-id:
      - 059834d5-101e-005a-5ee0-226281000000
      x-ms-request-server-encrypted:
      - 'true'
      x-ms-version:
      - '2018-03-28'
    status:
      code: 201
      message: Created
- request:
    body: null
    headers:
      Accept:
      - '*/*'
      Accept-Encoding:
      - gzip, deflate
      Connection:
      - keep-alive
      Content-Length:
      - '0'
      User-Agent:
      - azsdk-python-storage-blob/12.0.0b2 Python/3.7.3 (Windows-10-10.0.17763-SP0)
      content-type:
      - application/xml; charset=utf-8
      x-ms-client-request-id:
      - 1910f842-c531-11e9-9b5f-2816a845e8c6
      x-ms-date:
      - Thu, 22 Aug 2019 23:03:47 GMT
      x-ms-version:
      - '2019-02-02'
    method: PUT
    uri: https://blobstoragename.blob.core.windows.net/utcontainerbbe117aa?restype=container
  response:
    body:
      string: ''
    headers:
      Content-Length:
      - '0'
      Date:
      - Thu, 22 Aug 2019 23:03:48 GMT
      ETag:
      - '"0x8D72754FDA546E5"'
      Last-Modified:
      - Thu, 22 Aug 2019 23:03:48 GMT
      Server:
      - Windows-Azure-Blob/1.0 Microsoft-HTTPAPI/2.0
      x-ms-client-request-id:
      - 1910f842-c531-11e9-9b5f-2816a845e8c6
      x-ms-request-id:
      - 2a10902f-201e-0070-363d-5917c4000000
      x-ms-version:
      - '2019-02-02'
    status:
      code: 201
      message: Created
- request:
    body: null
    headers:
      Accept:
      - '*/*'
      Accept-Encoding:
      - gzip, deflate
      Connection:
      - keep-alive
      Content-Length:
      - '0'
      User-Agent:
      - azsdk-python-storage-blob/12.0.0b2 Python/3.7.3 (Windows-10-10.0.17763-SP0)
      content-type:
      - application/xml; charset=utf-8
      x-ms-blob-content-length:
      - '1024'
      x-ms-blob-type:
      - PageBlob
      x-ms-client-request-id:
      - 197f9c1c-c531-11e9-af3a-2816a845e8c6
      x-ms-date:
      - Thu, 22 Aug 2019 23:03:48 GMT
      x-ms-version:
      - '2019-02-02'
    method: PUT
    uri: https://blobstoragename.blob.core.windows.net/utcontainerbbe117aa/blob1
  response:
    body:
      string: ''
    headers:
      Content-Length:
      - '0'
      Date:
      - Thu, 22 Aug 2019 23:03:48 GMT
      ETag:
      - '"0x8D72754FDB19D2F"'
      Last-Modified:
      - Thu, 22 Aug 2019 23:03:48 GMT
      Server:
      - Windows-Azure-Blob/1.0 Microsoft-HTTPAPI/2.0
      x-ms-client-request-id:
      - 197f9c1c-c531-11e9-af3a-2816a845e8c6
      x-ms-request-id:
      - 2a109056-201e-0070-583d-5917c4000000
      x-ms-request-server-encrypted:
      - 'true'
      x-ms-version:
      - '2019-02-02'
    status:
      code: 201
      message: Created
- request:
    body: null
    headers:
      Accept:
      - '*/*'
      Accept-Encoding:
      - gzip, deflate
      Connection:
      - keep-alive
      User-Agent:
      - azsdk-python-storage-blob/12.0.0b2 Python/3.7.3 (Windows-10-10.0.17763-SP0)
      content-type:
      - application/xml; charset=utf-8
      x-ms-client-request-id:
      - 198bc8cc-c531-11e9-bb86-2816a845e8c6
      x-ms-date:
      - Thu, 22 Aug 2019 23:03:48 GMT
      x-ms-version:
      - '2019-02-02'
    method: HEAD
    uri: https://blobstoragename.blob.core.windows.net/utcontainerbbe117aa/blob1
  response:
    body:
      string: ''
    headers:
      Accept-Ranges:
      - bytes
      Content-Length:
      - '1024'
      Content-Type:
      - application/xml; charset=utf-8
      Date:
      - Thu, 22 Aug 2019 23:03:48 GMT
      ETag:
      - '"0x8D72754FDB19D2F"'
      Last-Modified:
      - Thu, 22 Aug 2019 23:03:48 GMT
      Server:
      - Windows-Azure-Blob/1.0 Microsoft-HTTPAPI/2.0
      Vary:
      - Origin
      x-ms-access-tier:
      - Hot
      x-ms-access-tier-inferred:
      - 'true'
      x-ms-blob-sequence-number:
      - '0'
      x-ms-blob-type:
      - PageBlob
      x-ms-client-request-id:
      - 198bc8cc-c531-11e9-bb86-2816a845e8c6
      x-ms-creation-time:
      - Thu, 22 Aug 2019 23:03:48 GMT
      x-ms-lease-state:
      - available
      x-ms-lease-status:
      - unlocked
      x-ms-request-id:
      - 2a1090f0-201e-0070-613d-5917c4000000
      x-ms-server-encrypted:
      - 'true'
      x-ms-tag-count:
      - '0'
      x-ms-version:
      - '2019-02-02'
    status:
      code: 200
      message: OK
- request:
    body: abcdefghijklmnopabcdefghijklmnopabcdefghijklmnopabcdefghijklmnopabcdefghijklmnopabcdefghijklmnopabcdefghijklmnopabcdefghijklmnopabcdefghijklmnopabcdefghijklmnopabcdefghijklmnopabcdefghijklmnopabcdefghijklmnopabcdefghijklmnopabcdefghijklmnopabcdefghijklmnopabcdefghijklmnopabcdefghijklmnopabcdefghijklmnopabcdefghijklmnopabcdefghijklmnopabcdefghijklmnopabcdefghijklmnopabcdefghijklmnopabcdefghijklmnopabcdefghijklmnopabcdefghijklmnopabcdefghijklmnopabcdefghijklmnopabcdefghijklmnopabcdefghijklmnopabcdefghijklmnop
    headers:
      Accept:
      - '*/*'
      Accept-Encoding:
      - gzip, deflate
      Connection:
      - keep-alive
      Content-Length:
      - '512'
      Content-Type:
      - application/octet-stream
      If-Match:
      - '"0x8D72754FDB19D2F"'
      User-Agent:
      - azsdk-python-storage-blob/12.0.0b2 Python/3.7.3 (Windows-10-10.0.17763-SP0)
      x-ms-client-request-id:
      - 19ca095a-c531-11e9-afbd-2816a845e8c6
      x-ms-date:
      - Thu, 22 Aug 2019 23:03:48 GMT
      x-ms-page-write:
      - update
      x-ms-range:
      - bytes=0-511
      x-ms-version:
      - '2019-02-02'
    method: PUT
    uri: https://blobstoragename.blob.core.windows.net/utcontainerbbe117aa/blob1?comp=page
  response:
    body:
      string: ''
    headers:
      Content-Length:
      - '0'
      Date:
      - Thu, 22 Aug 2019 23:03:48 GMT
      ETag:
      - '"0x8D72754FDFD0BD2"'
      Last-Modified:
      - Thu, 22 Aug 2019 23:03:48 GMT
      Server:
      - Windows-Azure-Blob/1.0 Microsoft-HTTPAPI/2.0
      x-ms-blob-sequence-number:
      - '0'
      x-ms-client-request-id:
      - 19ca095a-c531-11e9-afbd-2816a845e8c6
      x-ms-content-crc64:
      - EZA9hgZaRrQ=
      x-ms-request-id:
      - 2a109119-201e-0070-083d-5917c4000000
      x-ms-request-server-encrypted:
      - 'true'
      x-ms-version:
      - '2019-02-02'
    status:
      code: 201
      message: Created
version: 1
