interactions:
- request:
    body: null
    headers:
      Accept:
      - '*/*'
      Accept-Encoding:
      - gzip, deflate
      Connection:
      - keep-alive
      Content-Length:
      - '0'
      User-Agent:
      - python/3.6.5 (Darwin-16.7.0-x86_64-i386-64bit) azure-core/0.0.1
      x-ms-client-request-id:
      - 62c08068-8eca-11e9-80af-f45c89a7d159
      x-ms-date:
      - Fri, 14 Jun 2019 17:32:30 GMT
      x-ms-version:
      - '2018-03-28'
    method: PUT
    uri: https://remotestoragename.blob.core.windows.net/utcontainer513e1a08?restype=container
  response:
    body:
      string: ''
    headers:
      Content-Length:
      - '0'
      Date:
      - Fri, 14 Jun 2019 17:32:30 GMT
      ETag:
      - '"0x8D6F0EE4784A835"'
      Last-Modified:
      - Fri, 14 Jun 2019 17:32:31 GMT
      Server:
      - Windows-Azure-Blob/1.0 Microsoft-HTTPAPI/2.0
      x-ms-request-id:
      - 251bbb16-a01e-00cb-34d7-22f630000000
      x-ms-version:
      - '2018-03-28'
    status:
      code: 201
      message: Created
- request:
    body: null
    headers:
      Accept:
      - '*/*'
      Accept-Encoding:
      - gzip, deflate
      Connection:
      - keep-alive
      Content-Length:
      - '0'
      User-Agent:
      - python/3.6.5 (Darwin-16.7.0-x86_64-i386-64bit) azure-core/0.0.1
      x-ms-blob-type:
      - AppendBlob
      x-ms-client-request-id:
      - 62e021a2-8eca-11e9-9e28-f45c89a7d159
      x-ms-date:
      - Fri, 14 Jun 2019 17:32:30 GMT
      x-ms-version:
      - '2018-03-28'
    method: PUT
    uri: https://remotestoragename.blob.core.windows.net/utcontainer513e1a08/blob1
  response:
    body:
      string: ''
    headers:
      Content-Length:
      - '0'
      Date:
      - Fri, 14 Jun 2019 17:32:31 GMT
      ETag:
      - '"0x8D6F0EE478ED41E"'
      Last-Modified:
      - Fri, 14 Jun 2019 17:32:31 GMT
      Server:
      - Windows-Azure-Blob/1.0 Microsoft-HTTPAPI/2.0
      x-ms-request-id:
      - 251bbb35-a01e-00cb-4fd7-22f630000000
      x-ms-request-server-encrypted:
      - 'true'
      x-ms-version:
      - '2018-03-28'
    status:
      code: 201
      message: Created
- request:
    body: block 0
    headers:
      Accept:
      - '*/*'
      Accept-Encoding:
      - gzip, deflate
      Connection:
      - keep-alive
      Content-Length:
      - '7'
      Content-Type:
      - application/octet-stream
      If-Match:
      - '0x111111111111111'
      User-Agent:
      - python/3.6.5 (Darwin-16.7.0-x86_64-i386-64bit) azure-core/0.0.1
      x-ms-client-request-id:
      - 62e90e98-8eca-11e9-8789-f45c89a7d159
      x-ms-date:
      - Fri, 14 Jun 2019 17:32:30 GMT
      x-ms-version:
      - '2018-03-28'
    method: PUT
    uri: https://remotestoragename.blob.core.windows.net/utcontainer513e1a08/blob1?comp=appendblock
  response:
    body:
      string: "\uFEFF<?xml version=\"1.0\" encoding=\"utf-8\"?><Error><Code>OutOfRangeInput</Code><Message>One
        of the request inputs is out of range.\nRequestId:251bbb4e-a01e-00cb-68d7-22f630000000\nTime:2019-06-14T17:32:32.3570799Z</Message></Error>"
    headers:
      Content-Length:
      - '226'
      Content-Type:
      - application/xml
      Date:
      - Fri, 14 Jun 2019 17:32:32 GMT
      Server:
      - Windows-Azure-Blob/1.0 Microsoft-HTTPAPI/2.0
      x-ms-error-code:
      - OutOfRangeInput
      x-ms-request-id:
      - 251bbb4e-a01e-00cb-68d7-22f630000000
      x-ms-version:
      - '2018-03-28'
    status:
      code: 400
      message: One of the request inputs is out of range.
- request:
    body: null
    headers:
      Accept:
      - '*/*'
      Accept-Encoding:
      - gzip, deflate
      Connection:
      - keep-alive
      Content-Length:
      - '0'
      User-Agent:
      - python/3.6.5 (Darwin-16.7.0-x86_64-i386-64bit) azure-core/0.0.1
      x-ms-client-request-id:
      - 17241710-8ed3-11e9-93ed-f45c89a7d159
      x-ms-date:
      - Fri, 14 Jun 2019 18:34:48 GMT
      x-ms-version:
      - '2018-03-28'
    method: PUT
    uri: https://storagename.blob.core.windows.net/utcontainer513e1a08?restype=container
  response:
    body:
      string: ''
    headers:
      Content-Length:
      - '0'
      Date:
      - Fri, 14 Jun 2019 18:34:48 GMT
      ETag:
      - '"0x8D6F0F6FB76B587"'
      Last-Modified:
      - Fri, 14 Jun 2019 18:34:49 GMT
      Server:
      - Windows-Azure-Blob/1.0 Microsoft-HTTPAPI/2.0
      x-ms-request-id:
      - 5dc35ad6-201e-0016-35df-22a59e000000
      x-ms-version:
      - '2018-03-28'
    status:
      code: 201
      message: Created
- request:
    body: null
    headers:
      Accept:
      - '*/*'
      Accept-Encoding:
      - gzip, deflate
      Connection:
      - keep-alive
      Content-Length:
      - '0'
      User-Agent:
      - python/3.6.5 (Darwin-16.7.0-x86_64-i386-64bit) azure-core/0.0.1
      x-ms-blob-type:
      - AppendBlob
      x-ms-client-request-id:
      - 17482114-8ed3-11e9-90c2-f45c89a7d159
      x-ms-date:
      - Fri, 14 Jun 2019 18:34:49 GMT
      x-ms-version:
      - '2018-03-28'
    method: PUT
    uri: https://storagename.blob.core.windows.net/utcontainer513e1a08/blob1
  response:
    body:
      string: ''
    headers:
      Content-Length:
      - '0'
      Date:
      - Fri, 14 Jun 2019 18:34:48 GMT
      ETag:
      - '"0x8D6F0F6FB81C975"'
      Last-Modified:
      - Fri, 14 Jun 2019 18:34:49 GMT
      Server:
      - Windows-Azure-Blob/1.0 Microsoft-HTTPAPI/2.0
      x-ms-request-id:
      - 5dc35afb-201e-0016-56df-22a59e000000
      x-ms-request-server-encrypted:
      - 'true'
      x-ms-version:
      - '2018-03-28'
    status:
      code: 201
      message: Created
- request:
    body: block 0
    headers:
      Accept:
      - '*/*'
      Accept-Encoding:
      - gzip, deflate
      Connection:
      - keep-alive
      Content-Length:
      - '7'
      Content-Type:
      - application/octet-stream
      If-Match:
      - '0x111111111111111'
      User-Agent:
      - python/3.6.5 (Darwin-16.7.0-x86_64-i386-64bit) azure-core/0.0.1
      x-ms-client-request-id:
      - 17516026-8ed3-11e9-8d18-f45c89a7d159
      x-ms-date:
      - Fri, 14 Jun 2019 18:34:49 GMT
      x-ms-version:
      - '2018-03-28'
    method: PUT
    uri: https://storagename.blob.core.windows.net/utcontainer513e1a08/blob1?comp=appendblock
  response:
    body:
      string: "\uFEFF<?xml version=\"1.0\" encoding=\"utf-8\"?><Error><Code>OutOfRangeInput</Code><Message>One
        of the request inputs is out of range.\nRequestId:5dc35b12-201e-0016-6ddf-22a59e000000\nTime:2019-06-14T18:34:49.3777817Z</Message></Error>"
    headers:
      Content-Length:
      - '226'
      Content-Type:
      - application/xml
      Date:
      - Fri, 14 Jun 2019 18:34:48 GMT
      Server:
      - Windows-Azure-Blob/1.0 Microsoft-HTTPAPI/2.0
      x-ms-error-code:
      - OutOfRangeInput
      x-ms-request-id:
      - 5dc35b12-201e-0016-6ddf-22a59e000000
      x-ms-version:
      - '2018-03-28'
    status:
      code: 400
      message: One of the request inputs is out of range.
- request:
    body: null
    headers:
      Accept:
      - '*/*'
      Accept-Encoding:
      - gzip, deflate
      Connection:
      - keep-alive
      Content-Length:
      - '0'
      User-Agent:
      - azsdk-python-storage-blob/12.0.0b2 Python/3.7.3 (Windows-10-10.0.17763-SP0)
      content-type:
      - application/xml; charset=utf-8
      x-ms-client-request-id:
      - e51475b6-c530-11e9-90fa-2816a845e8c6
      x-ms-date:
      - Thu, 22 Aug 2019 23:02:20 GMT
      x-ms-version:
      - '2019-02-02'
    method: PUT
    uri: https://blobstoragename.blob.core.windows.net/utcontainer513e1a08?restype=container
  response:
    body:
      string: ''
    headers:
      Content-Length:
      - '0'
      Date:
      - Thu, 22 Aug 2019 23:02:20 GMT
      ETag:
      - '"0x8D72754C96AF6FB"'
      Last-Modified:
      - Thu, 22 Aug 2019 23:02:20 GMT
      Server:
      - Windows-Azure-Blob/1.0 Microsoft-HTTPAPI/2.0
      x-ms-client-request-id:
      - e51475b6-c530-11e9-90fa-2816a845e8c6
      x-ms-request-id:
      - 6e8cea76-d01e-0003-513d-596707000000
      x-ms-version:
      - '2019-02-02'
    status:
      code: 201
      message: Created
- request:
    body: null
    headers:
      Accept:
      - '*/*'
      Accept-Encoding:
      - gzip, deflate
      Connection:
      - keep-alive
      Content-Length:
      - '0'
      User-Agent:
      - azsdk-python-storage-blob/12.0.0b2 Python/3.7.3 (Windows-10-10.0.17763-SP0)
      content-type:
      - application/xml; charset=utf-8
      x-ms-blob-type:
      - AppendBlob
      x-ms-client-request-id:
      - e545eb30-c530-11e9-86d0-2816a845e8c6
      x-ms-date:
      - Thu, 22 Aug 2019 23:02:20 GMT
      x-ms-version:
      - '2019-02-02'
    method: PUT
    uri: https://blobstoragename.blob.core.windows.net/utcontainer513e1a08/blob1
  response:
    body:
      string: ''
    headers:
      Content-Length:
      - '0'
      Date:
      - Thu, 22 Aug 2019 23:02:20 GMT
      ETag:
      - '"0x8D72754C979C73B"'
      Last-Modified:
      - Thu, 22 Aug 2019 23:02:20 GMT
      Server:
      - Windows-Azure-Blob/1.0 Microsoft-HTTPAPI/2.0
      x-ms-client-request-id:
      - e545eb30-c530-11e9-86d0-2816a845e8c6
      x-ms-request-id:
      - 6e8ceaa4-d01e-0003-7a3d-596707000000
      x-ms-request-server-encrypted:
      - 'true'
      x-ms-version:
      - '2019-02-02'
    status:
      code: 201
      message: Created
- request:
    body: block 0
    headers:
      Accept:
      - '*/*'
      Accept-Encoding:
      - gzip, deflate
      Connection:
      - keep-alive
      Content-Length:
      - '7'
      Content-Type:
      - application/octet-stream
      If-Match:
      - '0x111111111111111'
      User-Agent:
      - azsdk-python-storage-blob/12.0.0b2 Python/3.7.3 (Windows-10-10.0.17763-SP0)
      x-ms-client-request-id:
      - e5543954-c530-11e9-a59d-2816a845e8c6
      x-ms-date:
      - Thu, 22 Aug 2019 23:02:20 GMT
      x-ms-version:
      - '2019-02-02'
    method: PUT
    uri: https://blobstoragename.blob.core.windows.net/utcontainer513e1a08/blob1?comp=appendblock
  response:
    body:
      string: "\uFEFF<?xml version=\"1.0\" encoding=\"utf-8\"?><Error><Code>OutOfRangeInput</Code><Message>One
        of the request inputs is out of range.\nRequestId:6e8ceacc-d01e-0003-1e3d-596707000000\nTime:2019-08-22T23:02:21.3336128Z</Message></Error>"
    headers:
      Content-Length:
      - '226'
      Content-Type:
      - application/xml
      Date:
      - Thu, 22 Aug 2019 23:02:21 GMT
      Server:
      - Windows-Azure-Blob/1.0 Microsoft-HTTPAPI/2.0
      x-ms-client-request-id:
      - e5543954-c530-11e9-a59d-2816a845e8c6
      x-ms-error-code:
      - OutOfRangeInput
      x-ms-request-id:
      - 6e8ceacc-d01e-0003-1e3d-596707000000
      x-ms-version:
      - '2019-02-02'
    status:
      code: 400
      message: One of the request inputs is out of range.
version: 1
